

================================================================
== Vitis HLS Report for 'dense_resource_ap_fixed_16_6_5_3_0_ap_fixed_16_6_5_3_0_config4_s'
================================================================
* Date:           Sun Dec  7 21:53:54 2025

* Version:        2023.1 (Build 3854077 on May  4 2023)
* Project:        myproject_prj
* Solution:       solution1 (Vivado IP Flow Target)
* Product family: zynq
* Target device:  xc7z020-clg400-1


================================================================
== Performance Estimates
================================================================
+ Timing: 
    * Summary: 
    +--------+---------+----------+------------+
    |  Clock |  Target | Estimated| Uncertainty|
    +--------+---------+----------+------------+
    |ap_clk  |  5.00 ns|  4.842 ns|     0.62 ns|
    +--------+---------+----------+------------+

+ Latency: 
    * Summary: 
    +---------+---------+-----------+-----------+-----+-----+------------------------------------------+
    |  Latency (cycles) |   Latency (absolute)  |  Interval |                 Pipeline                 |
    |   min   |   max   |    min    |    max    | min | max |                   Type                   |
    +---------+---------+-----------+-----------+-----+-----+------------------------------------------+
    |       11|       12|  55.000 ns|  60.000 ns|    8|    8|  loop rewind stp(delay=0 clock cycles(s))|
    +---------+---------+-----------+-----------+-----+-----+------------------------------------------+

    + Detail: 
        * Instance: 
        N/A

        * Loop: 
        +-------------+---------+---------+----------+-----------+-----------+------+----------+
        |             |  Latency (cycles) | Iteration|  Initiation Interval  | Trip |          |
        |  Loop Name  |   min   |   max   |  Latency |  achieved |   target  | Count| Pipelined|
        +-------------+---------+---------+----------+-----------+-----------+------+----------+
        |- ReuseLoop  |       11|       11|         5|          1|          1|     8|       yes|
        +-------------+---------+---------+----------+-----------+-----------+------+----------+



================================================================
== Utilization Estimates
================================================================
* Summary: 
+-----------------+---------+-----+--------+-------+-----+
|       Name      | BRAM_18K| DSP |   FF   |  LUT  | URAM|
+-----------------+---------+-----+--------+-------+-----+
|DSP              |        -|    -|       -|      -|    -|
|Expression       |        -|    -|       0|   2080|    -|
|FIFO             |        -|    -|       -|      -|    -|
|Instance         |        -|  128|    8572|    340|    -|
|Memory           |       57|    -|       0|      0|    -|
|Multiplexer      |        -|    -|       -|   2206|    -|
|Register         |        -|    -|    6727|     32|    -|
+-----------------+---------+-----+--------+-------+-----+
|Total            |       57|  128|   15299|   4658|    0|
+-----------------+---------+-----+--------+-------+-----+
|Available        |      280|  220|  106400|  53200|    0|
+-----------------+---------+-----+--------+-------+-----+
|Utilization (%)  |       20|   58|      14|      8|    0|
+-----------------+---------+-----+--------+-------+-----+

+ Detail: 
    * Instance: 
    +--------------------------+---------------------+---------+----+----+----+-----+
    |         Instance         |        Module       | BRAM_18K| DSP| FF | LUT| URAM|
    +--------------------------+---------------------+---------+----+----+----+-----+
    |mul_15ns_9s_24_2_1_U291   |mul_15ns_9s_24_2_1   |        0|   1|  63|   2|    0|
    |mul_16s_15ns_26_2_1_U164  |mul_16s_15ns_26_2_1  |        0|   1|  67|   2|    0|
    |mul_16s_15ns_26_2_1_U165  |mul_16s_15ns_26_2_1  |        0|   1|  67|   2|    0|
    |mul_16s_15ns_26_2_1_U166  |mul_16s_15ns_26_2_1  |        0|   1|  67|   2|    0|
    |mul_16s_15ns_26_2_1_U167  |mul_16s_15ns_26_2_1  |        0|   1|  67|   2|    0|
    |mul_16s_15ns_26_2_1_U168  |mul_16s_15ns_26_2_1  |        0|   1|  67|   2|    0|
    |mul_16s_15ns_26_2_1_U169  |mul_16s_15ns_26_2_1  |        0|   1|  67|   2|    0|
    |mul_16s_15ns_26_2_1_U170  |mul_16s_15ns_26_2_1  |        0|   1|  67|   2|    0|
    |mul_16s_15ns_26_2_1_U171  |mul_16s_15ns_26_2_1  |        0|   1|  67|   2|    0|
    |mul_16s_15ns_26_2_1_U172  |mul_16s_15ns_26_2_1  |        0|   1|  67|   2|    0|
    |mul_16s_15ns_26_2_1_U173  |mul_16s_15ns_26_2_1  |        0|   1|  67|   2|    0|
    |mul_16s_15ns_26_2_1_U174  |mul_16s_15ns_26_2_1  |        0|   1|  67|   2|    0|
    |mul_16s_15ns_26_2_1_U175  |mul_16s_15ns_26_2_1  |        0|   1|  67|   2|    0|
    |mul_16s_15ns_26_2_1_U176  |mul_16s_15ns_26_2_1  |        0|   1|  67|   2|    0|
    |mul_16s_15ns_26_2_1_U177  |mul_16s_15ns_26_2_1  |        0|   1|  67|   2|    0|
    |mul_16s_15ns_26_2_1_U178  |mul_16s_15ns_26_2_1  |        0|   1|  67|   2|    0|
    |mul_16s_15ns_26_2_1_U179  |mul_16s_15ns_26_2_1  |        0|   1|  67|   2|    0|
    |mul_16s_15ns_26_2_1_U180  |mul_16s_15ns_26_2_1  |        0|   1|  67|   2|    0|
    |mul_16s_15ns_26_2_1_U181  |mul_16s_15ns_26_2_1  |        0|   1|  67|   2|    0|
    |mul_16s_15ns_26_2_1_U182  |mul_16s_15ns_26_2_1  |        0|   1|  67|   2|    0|
    |mul_16s_15ns_26_2_1_U183  |mul_16s_15ns_26_2_1  |        0|   1|  67|   2|    0|
    |mul_16s_15ns_26_2_1_U184  |mul_16s_15ns_26_2_1  |        0|   1|  67|   2|    0|
    |mul_16s_15ns_26_2_1_U185  |mul_16s_15ns_26_2_1  |        0|   1|  67|   2|    0|
    |mul_16s_15ns_26_2_1_U186  |mul_16s_15ns_26_2_1  |        0|   1|  67|   2|    0|
    |mul_16s_15ns_26_2_1_U187  |mul_16s_15ns_26_2_1  |        0|   1|  67|   2|    0|
    |mul_16s_15ns_26_2_1_U188  |mul_16s_15ns_26_2_1  |        0|   1|  67|   2|    0|
    |mul_16s_15ns_26_2_1_U189  |mul_16s_15ns_26_2_1  |        0|   1|  67|   2|    0|
    |mul_16s_15ns_26_2_1_U190  |mul_16s_15ns_26_2_1  |        0|   1|  67|   2|    0|
    |mul_16s_15ns_26_2_1_U191  |mul_16s_15ns_26_2_1  |        0|   1|  67|   2|    0|
    |mul_16s_15ns_26_2_1_U192  |mul_16s_15ns_26_2_1  |        0|   1|  67|   2|    0|
    |mul_16s_15ns_26_2_1_U193  |mul_16s_15ns_26_2_1  |        0|   1|  67|   2|    0|
    |mul_16s_15ns_26_2_1_U194  |mul_16s_15ns_26_2_1  |        0|   1|  67|   2|    0|
    |mul_16s_15ns_26_2_1_U195  |mul_16s_15ns_26_2_1  |        0|   1|  67|   2|    0|
    |mul_16s_15ns_26_2_1_U196  |mul_16s_15ns_26_2_1  |        0|   1|  67|   2|    0|
    |mul_16s_15ns_26_2_1_U197  |mul_16s_15ns_26_2_1  |        0|   1|  67|   2|    0|
    |mul_16s_15ns_26_2_1_U198  |mul_16s_15ns_26_2_1  |        0|   1|  67|   2|    0|
    |mul_16s_15ns_26_2_1_U199  |mul_16s_15ns_26_2_1  |        0|   1|  67|   2|    0|
    |mul_16s_15ns_26_2_1_U200  |mul_16s_15ns_26_2_1  |        0|   1|  67|   2|    0|
    |mul_16s_15ns_26_2_1_U201  |mul_16s_15ns_26_2_1  |        0|   1|  67|   2|    0|
    |mul_16s_15ns_26_2_1_U202  |mul_16s_15ns_26_2_1  |        0|   1|  67|   2|    0|
    |mul_16s_15ns_26_2_1_U203  |mul_16s_15ns_26_2_1  |        0|   1|  67|   2|    0|
    |mul_16s_15ns_26_2_1_U204  |mul_16s_15ns_26_2_1  |        0|   1|  67|   2|    0|
    |mul_16s_15ns_26_2_1_U205  |mul_16s_15ns_26_2_1  |        0|   1|  67|   2|    0|
    |mul_16s_15ns_26_2_1_U206  |mul_16s_15ns_26_2_1  |        0|   1|  67|   2|    0|
    |mul_16s_15ns_26_2_1_U207  |mul_16s_15ns_26_2_1  |        0|   1|  67|   2|    0|
    |mul_16s_15ns_26_2_1_U208  |mul_16s_15ns_26_2_1  |        0|   1|  67|   2|    0|
    |mul_16s_15ns_26_2_1_U209  |mul_16s_15ns_26_2_1  |        0|   1|  67|   2|    0|
    |mul_16s_15ns_26_2_1_U210  |mul_16s_15ns_26_2_1  |        0|   1|  67|   2|    0|
    |mul_16s_15ns_26_2_1_U211  |mul_16s_15ns_26_2_1  |        0|   1|  67|   2|    0|
    |mul_16s_15ns_26_2_1_U212  |mul_16s_15ns_26_2_1  |        0|   1|  67|   2|    0|
    |mul_16s_15ns_26_2_1_U213  |mul_16s_15ns_26_2_1  |        0|   1|  67|   2|    0|
    |mul_16s_15ns_26_2_1_U214  |mul_16s_15ns_26_2_1  |        0|   1|  67|   2|    0|
    |mul_16s_15ns_26_2_1_U215  |mul_16s_15ns_26_2_1  |        0|   1|  67|   2|    0|
    |mul_16s_15ns_26_2_1_U216  |mul_16s_15ns_26_2_1  |        0|   1|  67|   2|    0|
    |mul_16s_15ns_26_2_1_U217  |mul_16s_15ns_26_2_1  |        0|   1|  67|   2|    0|
    |mul_16s_15ns_26_2_1_U218  |mul_16s_15ns_26_2_1  |        0|   1|  67|   2|    0|
    |mul_16s_15ns_26_2_1_U219  |mul_16s_15ns_26_2_1  |        0|   1|  67|   2|    0|
    |mul_16s_15ns_26_2_1_U220  |mul_16s_15ns_26_2_1  |        0|   1|  67|   2|    0|
    |mul_16s_15ns_26_2_1_U221  |mul_16s_15ns_26_2_1  |        0|   1|  67|   2|    0|
    |mul_16s_15ns_26_2_1_U222  |mul_16s_15ns_26_2_1  |        0|   1|  67|   2|    0|
    |mul_16s_15ns_26_2_1_U223  |mul_16s_15ns_26_2_1  |        0|   1|  67|   2|    0|
    |mul_16s_15ns_26_2_1_U224  |mul_16s_15ns_26_2_1  |        0|   1|  67|   2|    0|
    |mul_16s_15ns_26_2_1_U225  |mul_16s_15ns_26_2_1  |        0|   1|  67|   2|    0|
    |mul_16s_15ns_26_2_1_U226  |mul_16s_15ns_26_2_1  |        0|   1|  67|   2|    0|
    |mul_16s_15ns_26_2_1_U227  |mul_16s_15ns_26_2_1  |        0|   1|  67|   2|    0|
    |mul_16s_15ns_26_2_1_U228  |mul_16s_15ns_26_2_1  |        0|   1|  67|   2|    0|
    |mul_16s_15ns_26_2_1_U229  |mul_16s_15ns_26_2_1  |        0|   1|  67|   2|    0|
    |mul_16s_15ns_26_2_1_U230  |mul_16s_15ns_26_2_1  |        0|   1|  67|   2|    0|
    |mul_16s_15ns_26_2_1_U231  |mul_16s_15ns_26_2_1  |        0|   1|  67|   2|    0|
    |mul_16s_15ns_26_2_1_U232  |mul_16s_15ns_26_2_1  |        0|   1|  67|   2|    0|
    |mul_16s_15ns_26_2_1_U233  |mul_16s_15ns_26_2_1  |        0|   1|  67|   2|    0|
    |mul_16s_15ns_26_2_1_U234  |mul_16s_15ns_26_2_1  |        0|   1|  67|   2|    0|
    |mul_16s_15ns_26_2_1_U235  |mul_16s_15ns_26_2_1  |        0|   1|  67|   2|    0|
    |mul_16s_15ns_26_2_1_U236  |mul_16s_15ns_26_2_1  |        0|   1|  67|   2|    0|
    |mul_16s_15ns_26_2_1_U237  |mul_16s_15ns_26_2_1  |        0|   1|  67|   2|    0|
    |mul_16s_15ns_26_2_1_U238  |mul_16s_15ns_26_2_1  |        0|   1|  67|   2|    0|
    |mul_16s_15ns_26_2_1_U239  |mul_16s_15ns_26_2_1  |        0|   1|  67|   2|    0|
    |mul_16s_15ns_26_2_1_U240  |mul_16s_15ns_26_2_1  |        0|   1|  67|   2|    0|
    |mul_16s_15ns_26_2_1_U241  |mul_16s_15ns_26_2_1  |        0|   1|  67|   2|    0|
    |mul_16s_15ns_26_2_1_U242  |mul_16s_15ns_26_2_1  |        0|   1|  67|   2|    0|
    |mul_16s_15ns_26_2_1_U243  |mul_16s_15ns_26_2_1  |        0|   1|  67|   2|    0|
    |mul_16s_15ns_26_2_1_U244  |mul_16s_15ns_26_2_1  |        0|   1|  67|   2|    0|
    |mul_16s_15ns_26_2_1_U245  |mul_16s_15ns_26_2_1  |        0|   1|  67|   2|    0|
    |mul_16s_15ns_26_2_1_U246  |mul_16s_15ns_26_2_1  |        0|   1|  67|   2|    0|
    |mul_16s_15ns_26_2_1_U247  |mul_16s_15ns_26_2_1  |        0|   1|  67|   2|    0|
    |mul_16s_15ns_26_2_1_U248  |mul_16s_15ns_26_2_1  |        0|   1|  67|   2|    0|
    |mul_16s_15ns_26_2_1_U249  |mul_16s_15ns_26_2_1  |        0|   1|  67|   2|    0|
    |mul_16s_15ns_26_2_1_U250  |mul_16s_15ns_26_2_1  |        0|   1|  67|   2|    0|
    |mul_16s_15ns_26_2_1_U251  |mul_16s_15ns_26_2_1  |        0|   1|  67|   2|    0|
    |mul_16s_15ns_26_2_1_U252  |mul_16s_15ns_26_2_1  |        0|   1|  67|   2|    0|
    |mul_16s_15ns_26_2_1_U253  |mul_16s_15ns_26_2_1  |        0|   1|  67|   2|    0|
    |mul_16s_15ns_26_2_1_U254  |mul_16s_15ns_26_2_1  |        0|   1|  67|   2|    0|
    |mul_16s_15ns_26_2_1_U255  |mul_16s_15ns_26_2_1  |        0|   1|  67|   2|    0|
    |mul_16s_15ns_26_2_1_U256  |mul_16s_15ns_26_2_1  |        0|   1|  67|   2|    0|
    |mul_16s_15ns_26_2_1_U257  |mul_16s_15ns_26_2_1  |        0|   1|  67|   2|    0|
    |mul_16s_15ns_26_2_1_U258  |mul_16s_15ns_26_2_1  |        0|   1|  67|   2|    0|
    |mul_16s_15ns_26_2_1_U259  |mul_16s_15ns_26_2_1  |        0|   1|  67|   2|    0|
    |mul_16s_15ns_26_2_1_U260  |mul_16s_15ns_26_2_1  |        0|   1|  67|   2|    0|
    |mul_16s_15ns_26_2_1_U261  |mul_16s_15ns_26_2_1  |        0|   1|  67|   2|    0|
    |mul_16s_15ns_26_2_1_U262  |mul_16s_15ns_26_2_1  |        0|   1|  67|   2|    0|
    |mul_16s_15ns_26_2_1_U263  |mul_16s_15ns_26_2_1  |        0|   1|  67|   2|    0|
    |mul_16s_15ns_26_2_1_U264  |mul_16s_15ns_26_2_1  |        0|   1|  67|   2|    0|
    |mul_16s_15ns_26_2_1_U265  |mul_16s_15ns_26_2_1  |        0|   1|  67|   2|    0|
    |mul_16s_15ns_26_2_1_U266  |mul_16s_15ns_26_2_1  |        0|   1|  67|   2|    0|
    |mul_16s_15ns_26_2_1_U267  |mul_16s_15ns_26_2_1  |        0|   1|  67|   2|    0|
    |mul_16s_15ns_26_2_1_U268  |mul_16s_15ns_26_2_1  |        0|   1|  67|   2|    0|
    |mul_16s_15ns_26_2_1_U269  |mul_16s_15ns_26_2_1  |        0|   1|  67|   2|    0|
    |mul_16s_15ns_26_2_1_U270  |mul_16s_15ns_26_2_1  |        0|   1|  67|   2|    0|
    |mul_16s_15ns_26_2_1_U271  |mul_16s_15ns_26_2_1  |        0|   1|  67|   2|    0|
    |mul_16s_15ns_26_2_1_U272  |mul_16s_15ns_26_2_1  |        0|   1|  67|   2|    0|
    |mul_16s_15ns_26_2_1_U273  |mul_16s_15ns_26_2_1  |        0|   1|  67|   2|    0|
    |mul_16s_15ns_26_2_1_U274  |mul_16s_15ns_26_2_1  |        0|   1|  67|   2|    0|
    |mul_16s_15ns_26_2_1_U275  |mul_16s_15ns_26_2_1  |        0|   1|  67|   2|    0|
    |mul_16s_15ns_26_2_1_U276  |mul_16s_15ns_26_2_1  |        0|   1|  67|   2|    0|
    |mul_16s_15ns_26_2_1_U277  |mul_16s_15ns_26_2_1  |        0|   1|  67|   2|    0|
    |mul_16s_15ns_26_2_1_U278  |mul_16s_15ns_26_2_1  |        0|   1|  67|   2|    0|
    |mul_16s_15ns_26_2_1_U279  |mul_16s_15ns_26_2_1  |        0|   1|  67|   2|    0|
    |mul_16s_15ns_26_2_1_U280  |mul_16s_15ns_26_2_1  |        0|   1|  67|   2|    0|
    |mul_16s_15ns_26_2_1_U281  |mul_16s_15ns_26_2_1  |        0|   1|  67|   2|    0|
    |mul_16s_15ns_26_2_1_U282  |mul_16s_15ns_26_2_1  |        0|   1|  67|   2|    0|
    |mul_16s_15ns_26_2_1_U283  |mul_16s_15ns_26_2_1  |        0|   1|  67|   2|    0|
    |mul_16s_15ns_26_2_1_U284  |mul_16s_15ns_26_2_1  |        0|   1|  67|   2|    0|
    |mul_16s_15ns_26_2_1_U285  |mul_16s_15ns_26_2_1  |        0|   1|  67|   2|    0|
    |mul_16s_15ns_26_2_1_U286  |mul_16s_15ns_26_2_1  |        0|   1|  67|   2|    0|
    |mul_16s_15ns_26_2_1_U287  |mul_16s_15ns_26_2_1  |        0|   1|  67|   2|    0|
    |mul_16s_15ns_26_2_1_U288  |mul_16s_15ns_26_2_1  |        0|   1|  67|   2|    0|
    |mul_16s_15ns_26_2_1_U289  |mul_16s_15ns_26_2_1  |        0|   1|  67|   2|    0|
    |mul_16s_15ns_26_2_1_U290  |mul_16s_15ns_26_2_1  |        0|   1|  67|   2|    0|
    |mux_8_3_15_1_1_U162       |mux_8_3_15_1_1       |        0|   0|   0|  42|    0|
    |mux_8_3_15_1_1_U163       |mux_8_3_15_1_1       |        0|   0|   0|  42|    0|
    +--------------------------+---------------------+---------+----+----+----+-----+
    |Total                     |                     |        0| 128|8572| 340|    0|
    +--------------------------+---------------------+---------+----+----+----+-----+

    * DSP: 
    N/A

    * Memory: 
    +---------+----------------------------------------------------------------------------------+---------+---+----+-----+------+------+------+-------------+
    |  Memory |                                      Module                                      | BRAM_18K| FF| LUT| URAM| Words| Bits | Banks| W*Bits*Banks|
    +---------+----------------------------------------------------------------------------------+---------+---+----+-----+------+------+------+-------------+
    |w4_84_U  |dense_resource_ap_fixed_16_6_5_3_0_ap_fixed_16_6_5_3_0_config4_s_w4_84_ROM_AUcud  |       57|  0|   0|    0|     8|  2041|     1|        16328|
    +---------+----------------------------------------------------------------------------------+---------+---+----+-----+------+------+------+-------------+
    |Total    |                                                                                  |       57|  0|   0|    0|     8|  2041|     1|        16328|
    +---------+----------------------------------------------------------------------------------+---------+---+----+-----+------+------+------+-------------+

    * FIFO: 
    N/A

    * Expression: 
    +----------------------------------+----------+----+---+----+------------+------------+
    |           Variable Name          | Operation| DSP| FF| LUT| Bitwidth P0| Bitwidth P1|
    +----------------------------------+----------+----+---+----+------------+------------+
    |add_ln55_100_fu_6340_p2           |         +|   0|  0|  16|          16|          16|
    |add_ln55_101_fu_6344_p2           |         +|   0|  0|  16|          16|          16|
    |add_ln55_102_fu_6350_p2           |         +|   0|  0|  16|          16|          16|
    |add_ln55_103_fu_6354_p2           |         +|   0|  0|  16|          16|          16|
    |add_ln55_104_fu_6360_p2           |         +|   0|  0|  16|          16|          16|
    |add_ln55_105_fu_6364_p2           |         +|   0|  0|  16|          16|          16|
    |add_ln55_106_fu_6370_p2           |         +|   0|  0|  16|          16|          16|
    |add_ln55_107_fu_6374_p2           |         +|   0|  0|  16|          16|          16|
    |add_ln55_108_fu_6380_p2           |         +|   0|  0|  16|          16|          16|
    |add_ln55_109_fu_6384_p2           |         +|   0|  0|  16|          16|          16|
    |add_ln55_10_fu_5890_p2            |         +|   0|  0|  16|          16|          16|
    |add_ln55_110_fu_6390_p2           |         +|   0|  0|  16|          16|          16|
    |add_ln55_111_fu_6394_p2           |         +|   0|  0|  16|          16|          16|
    |add_ln55_112_fu_6400_p2           |         +|   0|  0|  16|          16|          16|
    |add_ln55_113_fu_6404_p2           |         +|   0|  0|  16|          16|          16|
    |add_ln55_114_fu_6410_p2           |         +|   0|  0|  16|          16|          16|
    |add_ln55_115_fu_6414_p2           |         +|   0|  0|  16|          16|          16|
    |add_ln55_116_fu_6420_p2           |         +|   0|  0|  16|          16|          16|
    |add_ln55_117_fu_6424_p2           |         +|   0|  0|  16|          16|          16|
    |add_ln55_118_fu_6430_p2           |         +|   0|  0|  16|          16|          16|
    |add_ln55_119_fu_6434_p2           |         +|   0|  0|  16|          16|          16|
    |add_ln55_11_fu_5894_p2            |         +|   0|  0|  16|          16|          16|
    |add_ln55_120_fu_6440_p2           |         +|   0|  0|  16|          16|          16|
    |add_ln55_121_fu_6444_p2           |         +|   0|  0|  16|          16|          16|
    |add_ln55_122_fu_6450_p2           |         +|   0|  0|  16|          16|          16|
    |add_ln55_123_fu_6454_p2           |         +|   0|  0|  16|          16|          16|
    |add_ln55_124_fu_6460_p2           |         +|   0|  0|  16|          16|          16|
    |add_ln55_125_fu_6464_p2           |         +|   0|  0|  16|          16|          16|
    |add_ln55_126_fu_6473_p2           |         +|   0|  0|  16|          16|          16|
    |add_ln55_127_fu_6478_p2           |         +|   0|  0|  16|          16|          16|
    |add_ln55_12_fu_5900_p2            |         +|   0|  0|  16|          16|          16|
    |add_ln55_13_fu_5904_p2            |         +|   0|  0|  16|          16|          16|
    |add_ln55_14_fu_5910_p2            |         +|   0|  0|  16|          16|          16|
    |add_ln55_15_fu_5914_p2            |         +|   0|  0|  16|          16|          16|
    |add_ln55_16_fu_5920_p2            |         +|   0|  0|  16|          16|          16|
    |add_ln55_17_fu_5924_p2            |         +|   0|  0|  16|          16|          16|
    |add_ln55_18_fu_5930_p2            |         +|   0|  0|  16|          16|          16|
    |add_ln55_19_fu_5934_p2            |         +|   0|  0|  16|          16|          16|
    |add_ln55_1_fu_5844_p2             |         +|   0|  0|  16|          16|          16|
    |add_ln55_20_fu_5940_p2            |         +|   0|  0|  16|          16|          16|
    |add_ln55_21_fu_5944_p2            |         +|   0|  0|  16|          16|          16|
    |add_ln55_22_fu_5950_p2            |         +|   0|  0|  16|          16|          16|
    |add_ln55_23_fu_5954_p2            |         +|   0|  0|  16|          16|          16|
    |add_ln55_24_fu_5960_p2            |         +|   0|  0|  16|          16|          16|
    |add_ln55_25_fu_5964_p2            |         +|   0|  0|  16|          16|          16|
    |add_ln55_26_fu_5970_p2            |         +|   0|  0|  16|          16|          16|
    |add_ln55_27_fu_5974_p2            |         +|   0|  0|  16|          16|          16|
    |add_ln55_28_fu_5980_p2            |         +|   0|  0|  16|          16|          16|
    |add_ln55_29_fu_5984_p2            |         +|   0|  0|  16|          16|          16|
    |add_ln55_2_fu_5850_p2             |         +|   0|  0|  16|          16|          16|
    |add_ln55_30_fu_5990_p2            |         +|   0|  0|  16|          16|          16|
    |add_ln55_31_fu_5994_p2            |         +|   0|  0|  16|          16|          16|
    |add_ln55_32_fu_6000_p2            |         +|   0|  0|  16|          16|          16|
    |add_ln55_33_fu_6004_p2            |         +|   0|  0|  16|          16|          16|
    |add_ln55_34_fu_6010_p2            |         +|   0|  0|  16|          16|          16|
    |add_ln55_35_fu_6014_p2            |         +|   0|  0|  16|          16|          16|
    |add_ln55_36_fu_6020_p2            |         +|   0|  0|  16|          16|          16|
    |add_ln55_37_fu_6024_p2            |         +|   0|  0|  16|          16|          16|
    |add_ln55_38_fu_6030_p2            |         +|   0|  0|  16|          16|          16|
    |add_ln55_39_fu_6034_p2            |         +|   0|  0|  16|          16|          16|
    |add_ln55_3_fu_5854_p2             |         +|   0|  0|  16|          16|          16|
    |add_ln55_40_fu_6040_p2            |         +|   0|  0|  16|          16|          16|
    |add_ln55_41_fu_6044_p2            |         +|   0|  0|  16|          16|          16|
    |add_ln55_42_fu_6050_p2            |         +|   0|  0|  16|          16|          16|
    |add_ln55_43_fu_6054_p2            |         +|   0|  0|  16|          16|          16|
    |add_ln55_44_fu_6060_p2            |         +|   0|  0|  16|          16|          16|
    |add_ln55_45_fu_6064_p2            |         +|   0|  0|  16|          16|          16|
    |add_ln55_46_fu_6070_p2            |         +|   0|  0|  16|          16|          16|
    |add_ln55_47_fu_6074_p2            |         +|   0|  0|  16|          16|          16|
    |add_ln55_48_fu_6080_p2            |         +|   0|  0|  16|          16|          16|
    |add_ln55_49_fu_6084_p2            |         +|   0|  0|  16|          16|          16|
    |add_ln55_4_fu_5860_p2             |         +|   0|  0|  16|          16|          16|
    |add_ln55_50_fu_6090_p2            |         +|   0|  0|  16|          16|          16|
    |add_ln55_51_fu_6094_p2            |         +|   0|  0|  16|          16|          16|
    |add_ln55_52_fu_6100_p2            |         +|   0|  0|  16|          16|          16|
    |add_ln55_53_fu_6104_p2            |         +|   0|  0|  16|          16|          16|
    |add_ln55_54_fu_6110_p2            |         +|   0|  0|  16|          16|          16|
    |add_ln55_55_fu_6114_p2            |         +|   0|  0|  16|          16|          16|
    |add_ln55_56_fu_6120_p2            |         +|   0|  0|  16|          16|          16|
    |add_ln55_57_fu_6124_p2            |         +|   0|  0|  16|          16|          16|
    |add_ln55_58_fu_6130_p2            |         +|   0|  0|  16|          16|          16|
    |add_ln55_59_fu_6134_p2            |         +|   0|  0|  16|          16|          16|
    |add_ln55_5_fu_5864_p2             |         +|   0|  0|  16|          16|          16|
    |add_ln55_60_fu_6140_p2            |         +|   0|  0|  16|          16|          16|
    |add_ln55_61_fu_6144_p2            |         +|   0|  0|  16|          16|          16|
    |add_ln55_62_fu_6150_p2            |         +|   0|  0|  16|          16|          16|
    |add_ln55_63_fu_6154_p2            |         +|   0|  0|  16|          16|          16|
    |add_ln55_64_fu_6160_p2            |         +|   0|  0|  16|          16|          16|
    |add_ln55_65_fu_6164_p2            |         +|   0|  0|  16|          16|          16|
    |add_ln55_66_fu_6170_p2            |         +|   0|  0|  16|          16|          16|
    |add_ln55_67_fu_6174_p2            |         +|   0|  0|  16|          16|          16|
    |add_ln55_68_fu_6180_p2            |         +|   0|  0|  16|          16|          16|
    |add_ln55_69_fu_6184_p2            |         +|   0|  0|  16|          16|          16|
    |add_ln55_6_fu_5870_p2             |         +|   0|  0|  16|          16|          16|
    |add_ln55_70_fu_6190_p2            |         +|   0|  0|  16|          16|          16|
    |add_ln55_71_fu_6194_p2            |         +|   0|  0|  16|          16|          16|
    |add_ln55_72_fu_6200_p2            |         +|   0|  0|  16|          16|          16|
    |add_ln55_73_fu_6204_p2            |         +|   0|  0|  16|          16|          16|
    |add_ln55_74_fu_6210_p2            |         +|   0|  0|  16|          16|          16|
    |add_ln55_75_fu_6214_p2            |         +|   0|  0|  16|          16|          16|
    |add_ln55_76_fu_6220_p2            |         +|   0|  0|  16|          16|          16|
    |add_ln55_77_fu_6224_p2            |         +|   0|  0|  16|          16|          16|
    |add_ln55_78_fu_6230_p2            |         +|   0|  0|  16|          16|          16|
    |add_ln55_79_fu_6234_p2            |         +|   0|  0|  16|          16|          16|
    |add_ln55_7_fu_5874_p2             |         +|   0|  0|  16|          16|          16|
    |add_ln55_80_fu_6240_p2            |         +|   0|  0|  16|          16|          16|
    |add_ln55_81_fu_6244_p2            |         +|   0|  0|  16|          16|          16|
    |add_ln55_82_fu_6250_p2            |         +|   0|  0|  16|          16|          16|
    |add_ln55_83_fu_6254_p2            |         +|   0|  0|  16|          16|          16|
    |add_ln55_84_fu_6260_p2            |         +|   0|  0|  16|          16|          16|
    |add_ln55_85_fu_6264_p2            |         +|   0|  0|  16|          16|          16|
    |add_ln55_86_fu_6270_p2            |         +|   0|  0|  16|          16|          16|
    |add_ln55_87_fu_6274_p2            |         +|   0|  0|  16|          16|          16|
    |add_ln55_88_fu_6280_p2            |         +|   0|  0|  16|          16|          16|
    |add_ln55_89_fu_6284_p2            |         +|   0|  0|  16|          16|          16|
    |add_ln55_8_fu_5880_p2             |         +|   0|  0|  16|          16|          16|
    |add_ln55_90_fu_6290_p2            |         +|   0|  0|  16|          16|          16|
    |add_ln55_91_fu_6294_p2            |         +|   0|  0|  16|          16|          16|
    |add_ln55_92_fu_6300_p2            |         +|   0|  0|  16|          16|          16|
    |add_ln55_93_fu_6304_p2            |         +|   0|  0|  16|          16|          16|
    |add_ln55_94_fu_6310_p2            |         +|   0|  0|  16|          16|          16|
    |add_ln55_95_fu_6314_p2            |         +|   0|  0|  16|          16|          16|
    |add_ln55_96_fu_6320_p2            |         +|   0|  0|  16|          16|          16|
    |add_ln55_97_fu_6324_p2            |         +|   0|  0|  16|          16|          16|
    |add_ln55_98_fu_6330_p2            |         +|   0|  0|  16|          16|          16|
    |add_ln55_99_fu_6334_p2            |         +|   0|  0|  16|          16|          16|
    |add_ln55_9_fu_5884_p2             |         +|   0|  0|  16|          16|          16|
    |add_ln55_fu_5840_p2               |         +|   0|  0|  16|          16|          16|
    |w_index_fu_2069_p2                |         +|   0|  0|  11|           3|           1|
    |ap_condition_frp_pvb_no_bkwd_prs  |       and|   0|  0|   2|           1|           1|
    |ap_condition_frp_pvb_pf_start     |       and|   0|  0|   2|           1|           1|
    |pf_all_done                       |       and|   0|  0|   2|           1|           1|
    |pf_sync_continue                  |       and|   0|  0|   2|           1|           1|
    |icmp_ln43_fu_2075_p2              |      icmp|   0|  0|  11|           3|           2|
    |ap_enable_pp0                     |       xor|   0|  0|   2|           1|           2|
    +----------------------------------+----------+----+---+----+------------+------------+
    |Total                             |          |   0|  0|2080|        2059|        2057|
    +----------------------------------+----------+----+---+----+------------+------------+

    * Multiplexer: 
    +-----------------------------------------------+----+-----------+-----+-----------+
    |                      Name                     | LUT| Input Size| Bits| Total Bits|
    +-----------------------------------------------+----+-----------+-----+-----------+
    |ap_loop_exit_ready_pp0_iter4_reg               |   9|          2|    1|          2|
    |ap_phi_mux_do_init_phi_fu_726_p6               |  14|          3|    1|          3|
    |ap_phi_mux_p_read10145_phi_phi_fu_1100_p4      |   9|          2|   15|         30|
    |ap_phi_mux_p_read11146_phi_phi_fu_1112_p4      |   9|          2|   15|         30|
    |ap_phi_mux_p_read1136_phi_phi_fu_992_p4        |   9|          2|   15|         30|
    |ap_phi_mux_p_read12147_phi_phi_fu_1124_p4      |   9|          2|   15|         30|
    |ap_phi_mux_p_read13148_phi_phi_fu_1136_p4      |   9|          2|   15|         30|
    |ap_phi_mux_p_read135_phi_phi_fu_980_p4         |   9|          2|   15|         30|
    |ap_phi_mux_p_read14149_phi_phi_fu_1148_p4      |   9|          2|   15|         30|
    |ap_phi_mux_p_read15150_phi_phi_fu_1160_p4      |   9|          2|   15|         30|
    |ap_phi_mux_p_read2137_phi_phi_fu_1004_p4       |   9|          2|   15|         30|
    |ap_phi_mux_p_read3138_phi_phi_fu_1016_p4       |   9|          2|   15|         30|
    |ap_phi_mux_p_read4139_phi_phi_fu_1028_p4       |   9|          2|   15|         30|
    |ap_phi_mux_p_read5140_phi_phi_fu_1040_p4       |   9|          2|   15|         30|
    |ap_phi_mux_p_read6141_phi_phi_fu_1052_p4       |   9|          2|   15|         30|
    |ap_phi_mux_p_read7142_phi_phi_fu_1064_p4       |   9|          2|   15|         30|
    |ap_phi_mux_p_read8143_phi_phi_fu_1076_p4       |   9|          2|   15|         30|
    |ap_phi_mux_p_read9144_phi_phi_fu_1088_p4       |   9|          2|   15|         30|
    |ap_phi_mux_res_0_0130_phi_fu_1172_p6           |   9|          2|   16|         32|
    |ap_phi_mux_res_10_0110_phi_fu_1312_p6          |   9|          2|   16|         32|
    |ap_phi_mux_res_11_0108_phi_fu_1326_p6          |   9|          2|   16|         32|
    |ap_phi_mux_res_12_0106_phi_fu_1340_p6          |   9|          2|   16|         32|
    |ap_phi_mux_res_13_0104_phi_fu_1354_p6          |   9|          2|   16|         32|
    |ap_phi_mux_res_14_0102_phi_fu_1368_p6          |   9|          2|   16|         32|
    |ap_phi_mux_res_15_0100_phi_fu_1382_p6          |   9|          2|   16|         32|
    |ap_phi_mux_res_16_098_phi_fu_1396_p6           |   9|          2|   16|         32|
    |ap_phi_mux_res_17_096_phi_fu_1410_p6           |   9|          2|   16|         32|
    |ap_phi_mux_res_18_094_phi_fu_1424_p6           |   9|          2|   16|         32|
    |ap_phi_mux_res_19_092_phi_fu_1438_p6           |   9|          2|   16|         32|
    |ap_phi_mux_res_1_0128_phi_fu_1186_p6           |   9|          2|   16|         32|
    |ap_phi_mux_res_20_090_phi_fu_1452_p6           |   9|          2|   16|         32|
    |ap_phi_mux_res_21_088_phi_fu_1466_p6           |   9|          2|   16|         32|
    |ap_phi_mux_res_22_086_phi_fu_1480_p6           |   9|          2|   16|         32|
    |ap_phi_mux_res_23_084_phi_fu_1494_p6           |   9|          2|   16|         32|
    |ap_phi_mux_res_24_082_phi_fu_1508_p6           |   9|          2|   16|         32|
    |ap_phi_mux_res_25_080_phi_fu_1522_p6           |   9|          2|   16|         32|
    |ap_phi_mux_res_26_078_phi_fu_1536_p6           |   9|          2|   16|         32|
    |ap_phi_mux_res_27_076_phi_fu_1550_p6           |   9|          2|   16|         32|
    |ap_phi_mux_res_28_074_phi_fu_1564_p6           |   9|          2|   16|         32|
    |ap_phi_mux_res_29_072_phi_fu_1578_p6           |   9|          2|   16|         32|
    |ap_phi_mux_res_2_0126_phi_fu_1200_p6           |   9|          2|   16|         32|
    |ap_phi_mux_res_30_070_phi_fu_1592_p6           |   9|          2|   16|         32|
    |ap_phi_mux_res_31_068_phi_fu_1606_p6           |   9|          2|   16|         32|
    |ap_phi_mux_res_32_066_phi_fu_1620_p6           |   9|          2|   16|         32|
    |ap_phi_mux_res_33_064_phi_fu_1634_p6           |   9|          2|   16|         32|
    |ap_phi_mux_res_34_062_phi_fu_1648_p6           |   9|          2|   16|         32|
    |ap_phi_mux_res_35_060_phi_fu_1662_p6           |   9|          2|   16|         32|
    |ap_phi_mux_res_36_058_phi_fu_1676_p6           |   9|          2|   16|         32|
    |ap_phi_mux_res_37_056_phi_fu_1690_p6           |   9|          2|   16|         32|
    |ap_phi_mux_res_38_054_phi_fu_1704_p6           |   9|          2|   16|         32|
    |ap_phi_mux_res_39_052_phi_fu_1718_p6           |   9|          2|   16|         32|
    |ap_phi_mux_res_3_0124_phi_fu_1214_p6           |   9|          2|   16|         32|
    |ap_phi_mux_res_40_050_phi_fu_1732_p6           |   9|          2|   16|         32|
    |ap_phi_mux_res_41_048_phi_fu_1746_p6           |   9|          2|   16|         32|
    |ap_phi_mux_res_42_046_phi_fu_1760_p6           |   9|          2|   16|         32|
    |ap_phi_mux_res_43_044_phi_fu_1774_p6           |   9|          2|   16|         32|
    |ap_phi_mux_res_44_042_phi_fu_1788_p6           |   9|          2|   16|         32|
    |ap_phi_mux_res_45_040_phi_fu_1802_p6           |   9|          2|   16|         32|
    |ap_phi_mux_res_46_038_phi_fu_1816_p6           |   9|          2|   16|         32|
    |ap_phi_mux_res_47_036_phi_fu_1830_p6           |   9|          2|   16|         32|
    |ap_phi_mux_res_48_034_phi_fu_1844_p6           |   9|          2|   16|         32|
    |ap_phi_mux_res_49_032_phi_fu_1858_p6           |   9|          2|   16|         32|
    |ap_phi_mux_res_4_0122_phi_fu_1228_p6           |   9|          2|   16|         32|
    |ap_phi_mux_res_50_030_phi_fu_1872_p6           |   9|          2|   16|         32|
    |ap_phi_mux_res_51_028_phi_fu_1886_p6           |   9|          2|   16|         32|
    |ap_phi_mux_res_52_026_phi_fu_1900_p6           |   9|          2|   16|         32|
    |ap_phi_mux_res_53_024_phi_fu_1914_p6           |   9|          2|   16|         32|
    |ap_phi_mux_res_54_022_phi_fu_1928_p6           |   9|          2|   16|         32|
    |ap_phi_mux_res_55_020_phi_fu_1942_p6           |   9|          2|   16|         32|
    |ap_phi_mux_res_56_018_phi_fu_1956_p6           |   9|          2|   16|         32|
    |ap_phi_mux_res_57_016_phi_fu_1970_p6           |   9|          2|   16|         32|
    |ap_phi_mux_res_58_014_phi_fu_1984_p6           |   9|          2|   16|         32|
    |ap_phi_mux_res_59_012_phi_fu_1998_p6           |   9|          2|   16|         32|
    |ap_phi_mux_res_5_0120_phi_fu_1242_p6           |   9|          2|   16|         32|
    |ap_phi_mux_res_60_010_phi_fu_2012_p6           |   9|          2|   16|         32|
    |ap_phi_mux_res_61_08_phi_fu_2026_p6            |   9|          2|   16|         32|
    |ap_phi_mux_res_62_06_phi_fu_2040_p6            |   9|          2|   16|         32|
    |ap_phi_mux_res_63_04_phi_fu_2054_p6            |   9|          2|   16|         32|
    |ap_phi_mux_res_6_0118_phi_fu_1256_p6           |   9|          2|   16|         32|
    |ap_phi_mux_res_7_0116_phi_fu_1270_p6           |   9|          2|   16|         32|
    |ap_phi_mux_res_8_0114_phi_fu_1284_p6           |   9|          2|   16|         32|
    |ap_phi_mux_res_9_0112_phi_fu_1298_p6           |   9|          2|   16|         32|
    |ap_phi_mux_w_index3_phi_fu_741_p6              |  14|          3|    3|          9|
    |ap_phi_reg_pp0_iter1_p_read10145_phi_reg_1096  |   9|          2|   15|         30|
    |ap_phi_reg_pp0_iter1_p_read11146_phi_reg_1108  |   9|          2|   15|         30|
    |ap_phi_reg_pp0_iter1_p_read1136_phi_reg_988    |   9|          2|   15|         30|
    |ap_phi_reg_pp0_iter1_p_read12147_phi_reg_1120  |   9|          2|   15|         30|
    |ap_phi_reg_pp0_iter1_p_read13148_phi_reg_1132  |   9|          2|   15|         30|
    |ap_phi_reg_pp0_iter1_p_read135_phi_reg_976     |   9|          2|   15|         30|
    |ap_phi_reg_pp0_iter1_p_read14149_phi_reg_1144  |   9|          2|   15|         30|
    |ap_phi_reg_pp0_iter1_p_read15150_phi_reg_1156  |   9|          2|   15|         30|
    |ap_phi_reg_pp0_iter1_p_read2137_phi_reg_1000   |   9|          2|   15|         30|
    |ap_phi_reg_pp0_iter1_p_read3138_phi_reg_1012   |   9|          2|   15|         30|
    |ap_phi_reg_pp0_iter1_p_read4139_phi_reg_1024   |   9|          2|   15|         30|
    |ap_phi_reg_pp0_iter1_p_read5140_phi_reg_1036   |   9|          2|   15|         30|
    |ap_phi_reg_pp0_iter1_p_read6141_phi_reg_1048   |   9|          2|   15|         30|
    |ap_phi_reg_pp0_iter1_p_read7142_phi_reg_1060   |   9|          2|   15|         30|
    |ap_phi_reg_pp0_iter1_p_read8143_phi_reg_1072   |   9|          2|   15|         30|
    |ap_phi_reg_pp0_iter1_p_read9144_phi_reg_1084   |   9|          2|   15|         30|
    |p_read10145_phi_reg_1096                       |   9|          2|   15|         30|
    |p_read11146_phi_reg_1108                       |   9|          2|   15|         30|
    |p_read1136_phi_reg_988                         |   9|          2|   15|         30|
    |p_read12147_phi_reg_1120                       |   9|          2|   15|         30|
    |p_read13148_phi_reg_1132                       |   9|          2|   15|         30|
    |p_read135_phi_reg_976                          |   9|          2|   15|         30|
    |p_read14149_phi_reg_1144                       |   9|          2|   15|         30|
    |p_read15150_phi_reg_1156                       |   9|          2|   15|         30|
    |p_read2137_phi_reg_1000                        |   9|          2|   15|         30|
    |p_read3138_phi_reg_1012                        |   9|          2|   15|         30|
    |p_read4139_phi_reg_1024                        |   9|          2|   15|         30|
    |p_read5140_phi_reg_1036                        |   9|          2|   15|         30|
    |p_read6141_phi_reg_1048                        |   9|          2|   15|         30|
    |p_read7142_phi_reg_1060                        |   9|          2|   15|         30|
    |p_read8143_phi_reg_1072                        |   9|          2|   15|         30|
    |p_read9144_phi_reg_1084                        |   9|          2|   15|         30|
    |pf_ap_return_0_U_frpsig_data_in                |   9|          2|   16|         32|
    |pf_ap_return_10_U_frpsig_data_in               |   9|          2|   16|         32|
    |pf_ap_return_11_U_frpsig_data_in               |   9|          2|   16|         32|
    |pf_ap_return_12_U_frpsig_data_in               |   9|          2|   16|         32|
    |pf_ap_return_13_U_frpsig_data_in               |   9|          2|   16|         32|
    |pf_ap_return_14_U_frpsig_data_in               |   9|          2|   16|         32|
    |pf_ap_return_15_U_frpsig_data_in               |   9|          2|   16|         32|
    |pf_ap_return_16_U_frpsig_data_in               |   9|          2|   16|         32|
    |pf_ap_return_17_U_frpsig_data_in               |   9|          2|   16|         32|
    |pf_ap_return_18_U_frpsig_data_in               |   9|          2|   16|         32|
    |pf_ap_return_19_U_frpsig_data_in               |   9|          2|   16|         32|
    |pf_ap_return_1_U_frpsig_data_in                |   9|          2|   16|         32|
    |pf_ap_return_20_U_frpsig_data_in               |   9|          2|   16|         32|
    |pf_ap_return_21_U_frpsig_data_in               |   9|          2|   16|         32|
    |pf_ap_return_22_U_frpsig_data_in               |   9|          2|   16|         32|
    |pf_ap_return_23_U_frpsig_data_in               |   9|          2|   16|         32|
    |pf_ap_return_24_U_frpsig_data_in               |   9|          2|   16|         32|
    |pf_ap_return_25_U_frpsig_data_in               |   9|          2|   16|         32|
    |pf_ap_return_26_U_frpsig_data_in               |   9|          2|   16|         32|
    |pf_ap_return_27_U_frpsig_data_in               |   9|          2|   16|         32|
    |pf_ap_return_28_U_frpsig_data_in               |   9|          2|   16|         32|
    |pf_ap_return_29_U_frpsig_data_in               |   9|          2|   16|         32|
    |pf_ap_return_2_U_frpsig_data_in                |   9|          2|   16|         32|
    |pf_ap_return_30_U_frpsig_data_in               |   9|          2|   16|         32|
    |pf_ap_return_31_U_frpsig_data_in               |   9|          2|   16|         32|
    |pf_ap_return_32_U_frpsig_data_in               |   9|          2|   16|         32|
    |pf_ap_return_33_U_frpsig_data_in               |   9|          2|   16|         32|
    |pf_ap_return_34_U_frpsig_data_in               |   9|          2|   16|         32|
    |pf_ap_return_35_U_frpsig_data_in               |   9|          2|   16|         32|
    |pf_ap_return_36_U_frpsig_data_in               |   9|          2|   16|         32|
    |pf_ap_return_37_U_frpsig_data_in               |   9|          2|   16|         32|
    |pf_ap_return_38_U_frpsig_data_in               |   9|          2|   16|         32|
    |pf_ap_return_39_U_frpsig_data_in               |   9|          2|   16|         32|
    |pf_ap_return_3_U_frpsig_data_in                |   9|          2|   16|         32|
    |pf_ap_return_40_U_frpsig_data_in               |   9|          2|   16|         32|
    |pf_ap_return_41_U_frpsig_data_in               |   9|          2|   16|         32|
    |pf_ap_return_42_U_frpsig_data_in               |   9|          2|   16|         32|
    |pf_ap_return_43_U_frpsig_data_in               |   9|          2|   16|         32|
    |pf_ap_return_44_U_frpsig_data_in               |   9|          2|   16|         32|
    |pf_ap_return_45_U_frpsig_data_in               |   9|          2|   16|         32|
    |pf_ap_return_46_U_frpsig_data_in               |   9|          2|   16|         32|
    |pf_ap_return_47_U_frpsig_data_in               |   9|          2|   16|         32|
    |pf_ap_return_48_U_frpsig_data_in               |   9|          2|   16|         32|
    |pf_ap_return_49_U_frpsig_data_in               |   9|          2|   16|         32|
    |pf_ap_return_4_U_frpsig_data_in                |   9|          2|   16|         32|
    |pf_ap_return_50_U_frpsig_data_in               |   9|          2|   16|         32|
    |pf_ap_return_51_U_frpsig_data_in               |   9|          2|   16|         32|
    |pf_ap_return_52_U_frpsig_data_in               |   9|          2|   16|         32|
    |pf_ap_return_53_U_frpsig_data_in               |   9|          2|   16|         32|
    |pf_ap_return_54_U_frpsig_data_in               |   9|          2|   16|         32|
    |pf_ap_return_55_U_frpsig_data_in               |   9|          2|   16|         32|
    |pf_ap_return_56_U_frpsig_data_in               |   9|          2|   16|         32|
    |pf_ap_return_57_U_frpsig_data_in               |   9|          2|   16|         32|
    |pf_ap_return_58_U_frpsig_data_in               |   9|          2|   16|         32|
    |pf_ap_return_59_U_frpsig_data_in               |   9|          2|   16|         32|
    |pf_ap_return_5_U_frpsig_data_in                |   9|          2|   16|         32|
    |pf_ap_return_60_U_frpsig_data_in               |   9|          2|   16|         32|
    |pf_ap_return_61_U_frpsig_data_in               |   9|          2|   16|         32|
    |pf_ap_return_62_U_frpsig_data_in               |   9|          2|   16|         32|
    |pf_ap_return_63_U_frpsig_data_in               |   9|          2|   16|         32|
    |pf_ap_return_6_U_frpsig_data_in                |   9|          2|   16|         32|
    |pf_ap_return_7_U_frpsig_data_in                |   9|          2|   16|         32|
    |pf_ap_return_8_U_frpsig_data_in                |   9|          2|   16|         32|
    |pf_ap_return_9_U_frpsig_data_in                |   9|          2|   16|         32|
    |res_0_0130_reg_1168                            |   9|          2|   16|         32|
    |res_10_0110_reg_1308                           |   9|          2|   16|         32|
    |res_11_0108_reg_1322                           |   9|          2|   16|         32|
    |res_12_0106_reg_1336                           |   9|          2|   16|         32|
    |res_13_0104_reg_1350                           |   9|          2|   16|         32|
    |res_14_0102_reg_1364                           |   9|          2|   16|         32|
    |res_15_0100_reg_1378                           |   9|          2|   16|         32|
    |res_16_098_reg_1392                            |   9|          2|   16|         32|
    |res_17_096_reg_1406                            |   9|          2|   16|         32|
    |res_18_094_reg_1420                            |   9|          2|   16|         32|
    |res_19_092_reg_1434                            |   9|          2|   16|         32|
    |res_1_0128_reg_1182                            |   9|          2|   16|         32|
    |res_20_090_reg_1448                            |   9|          2|   16|         32|
    |res_21_088_reg_1462                            |   9|          2|   16|         32|
    |res_22_086_reg_1476                            |   9|          2|   16|         32|
    |res_23_084_reg_1490                            |   9|          2|   16|         32|
    |res_24_082_reg_1504                            |   9|          2|   16|         32|
    |res_25_080_reg_1518                            |   9|          2|   16|         32|
    |res_26_078_reg_1532                            |   9|          2|   16|         32|
    |res_27_076_reg_1546                            |   9|          2|   16|         32|
    |res_28_074_reg_1560                            |   9|          2|   16|         32|
    |res_29_072_reg_1574                            |   9|          2|   16|         32|
    |res_2_0126_reg_1196                            |   9|          2|   16|         32|
    |res_30_070_reg_1588                            |   9|          2|   16|         32|
    |res_31_068_reg_1602                            |   9|          2|   16|         32|
    |res_32_066_reg_1616                            |   9|          2|   16|         32|
    |res_33_064_reg_1630                            |   9|          2|   16|         32|
    |res_34_062_reg_1644                            |   9|          2|   16|         32|
    |res_35_060_reg_1658                            |   9|          2|   16|         32|
    |res_36_058_reg_1672                            |   9|          2|   16|         32|
    |res_37_056_reg_1686                            |   9|          2|   16|         32|
    |res_38_054_reg_1700                            |   9|          2|   16|         32|
    |res_39_052_reg_1714                            |   9|          2|   16|         32|
    |res_3_0124_reg_1210                            |   9|          2|   16|         32|
    |res_40_050_reg_1728                            |   9|          2|   16|         32|
    |res_41_048_reg_1742                            |   9|          2|   16|         32|
    |res_42_046_reg_1756                            |   9|          2|   16|         32|
    |res_43_044_reg_1770                            |   9|          2|   16|         32|
    |res_44_042_reg_1784                            |   9|          2|   16|         32|
    |res_45_040_reg_1798                            |   9|          2|   16|         32|
    |res_46_038_reg_1812                            |   9|          2|   16|         32|
    |res_47_036_reg_1826                            |   9|          2|   16|         32|
    |res_48_034_reg_1840                            |   9|          2|   16|         32|
    |res_49_032_reg_1854                            |   9|          2|   16|         32|
    |res_4_0122_reg_1224                            |   9|          2|   16|         32|
    |res_50_030_reg_1868                            |   9|          2|   16|         32|
    |res_51_028_reg_1882                            |   9|          2|   16|         32|
    |res_52_026_reg_1896                            |   9|          2|   16|         32|
    |res_53_024_reg_1910                            |   9|          2|   16|         32|
    |res_54_022_reg_1924                            |   9|          2|   16|         32|
    |res_55_020_reg_1938                            |   9|          2|   16|         32|
    |res_56_018_reg_1952                            |   9|          2|   16|         32|
    |res_57_016_reg_1966                            |   9|          2|   16|         32|
    |res_58_014_reg_1980                            |   9|          2|   16|         32|
    |res_59_012_reg_1994                            |   9|          2|   16|         32|
    |res_5_0120_reg_1238                            |   9|          2|   16|         32|
    |res_60_010_reg_2008                            |   9|          2|   16|         32|
    |res_61_08_reg_2022                             |   9|          2|   16|         32|
    |res_62_06_reg_2036                             |   9|          2|   16|         32|
    |res_63_04_reg_2050                             |   9|          2|   16|         32|
    |res_6_0118_reg_1252                            |   9|          2|   16|         32|
    |res_7_0116_reg_1266                            |   9|          2|   16|         32|
    |res_8_0114_reg_1280                            |   9|          2|   16|         32|
    |res_9_0112_reg_1294                            |   9|          2|   16|         32|
    |w_index3_reg_738                               |   9|          2|    3|          6|
    +-----------------------------------------------+----+-----------+-----+-----------+
    |Total                                          |2206|        490| 3800|       7604|
    +-----------------------------------------------+----+-----------+-----+-----------+

    * Register: 
    +-----------------------------------------------+----+----+-----+-----------+
    |                      Name                     | FF | LUT| Bits| Const Bits|
    +-----------------------------------------------+----+----+-----+-----------+
    |a_1_reg_6976                                   |  15|   0|   15|          0|
    |a_reg_6966                                     |  15|   0|   15|          0|
    |ap_CS_fsm                                      |   1|   0|    1|          0|
    |ap_done_reg                                    |   1|   0|    1|          0|
    |ap_loop_exit_ready_pp0_iter1_reg               |   1|   0|    1|          0|
    |ap_loop_exit_ready_pp0_iter2_reg               |   1|   0|    1|          0|
    |ap_loop_exit_ready_pp0_iter3_reg               |   1|   0|    1|          0|
    |ap_loop_exit_ready_pp0_iter4_reg               |   1|   0|    1|          0|
    |ap_loop_init_pp0_iter1_reg                     |   1|   0|    1|          0|
    |ap_loop_init_pp0_iter2_reg                     |   1|   0|    1|          0|
    |ap_loop_init_pp0_iter3_reg                     |   1|   0|    1|          0|
    |ap_loop_init_pp0_iter4_reg                     |   1|   0|    1|          0|
    |ap_phi_reg_pp0_iter1_p_read10145_phi_reg_1096  |  15|   0|   15|          0|
    |ap_phi_reg_pp0_iter1_p_read11146_phi_reg_1108  |  15|   0|   15|          0|
    |ap_phi_reg_pp0_iter1_p_read1136_phi_reg_988    |  15|   0|   15|          0|
    |ap_phi_reg_pp0_iter1_p_read12147_phi_reg_1120  |  15|   0|   15|          0|
    |ap_phi_reg_pp0_iter1_p_read13148_phi_reg_1132  |  15|   0|   15|          0|
    |ap_phi_reg_pp0_iter1_p_read135_phi_reg_976     |  15|   0|   15|          0|
    |ap_phi_reg_pp0_iter1_p_read14149_phi_reg_1144  |  15|   0|   15|          0|
    |ap_phi_reg_pp0_iter1_p_read15150_phi_reg_1156  |  15|   0|   15|          0|
    |ap_phi_reg_pp0_iter1_p_read2137_phi_reg_1000   |  15|   0|   15|          0|
    |ap_phi_reg_pp0_iter1_p_read3138_phi_reg_1012   |  15|   0|   15|          0|
    |ap_phi_reg_pp0_iter1_p_read4139_phi_reg_1024   |  15|   0|   15|          0|
    |ap_phi_reg_pp0_iter1_p_read5140_phi_reg_1036   |  15|   0|   15|          0|
    |ap_phi_reg_pp0_iter1_p_read6141_phi_reg_1048   |  15|   0|   15|          0|
    |ap_phi_reg_pp0_iter1_p_read7142_phi_reg_1060   |  15|   0|   15|          0|
    |ap_phi_reg_pp0_iter1_p_read8143_phi_reg_1072   |  15|   0|   15|          0|
    |ap_phi_reg_pp0_iter1_p_read9144_phi_reg_1084   |  15|   0|   15|          0|
    |ap_return_0_preg                               |  16|   0|   16|          0|
    |ap_return_10_preg                              |  16|   0|   16|          0|
    |ap_return_11_preg                              |  16|   0|   16|          0|
    |ap_return_12_preg                              |  16|   0|   16|          0|
    |ap_return_13_preg                              |  16|   0|   16|          0|
    |ap_return_14_preg                              |  16|   0|   16|          0|
    |ap_return_15_preg                              |  16|   0|   16|          0|
    |ap_return_16_preg                              |  16|   0|   16|          0|
    |ap_return_17_preg                              |  16|   0|   16|          0|
    |ap_return_18_preg                              |  16|   0|   16|          0|
    |ap_return_19_preg                              |  16|   0|   16|          0|
    |ap_return_1_preg                               |  16|   0|   16|          0|
    |ap_return_20_preg                              |  16|   0|   16|          0|
    |ap_return_21_preg                              |  16|   0|   16|          0|
    |ap_return_22_preg                              |  16|   0|   16|          0|
    |ap_return_23_preg                              |  16|   0|   16|          0|
    |ap_return_24_preg                              |  16|   0|   16|          0|
    |ap_return_25_preg                              |  16|   0|   16|          0|
    |ap_return_26_preg                              |  16|   0|   16|          0|
    |ap_return_27_preg                              |  16|   0|   16|          0|
    |ap_return_28_preg                              |  16|   0|   16|          0|
    |ap_return_29_preg                              |  16|   0|   16|          0|
    |ap_return_2_preg                               |  16|   0|   16|          0|
    |ap_return_30_preg                              |  16|   0|   16|          0|
    |ap_return_31_preg                              |  16|   0|   16|          0|
    |ap_return_32_preg                              |  16|   0|   16|          0|
    |ap_return_33_preg                              |  16|   0|   16|          0|
    |ap_return_34_preg                              |  16|   0|   16|          0|
    |ap_return_35_preg                              |  16|   0|   16|          0|
    |ap_return_36_preg                              |  16|   0|   16|          0|
    |ap_return_37_preg                              |  16|   0|   16|          0|
    |ap_return_38_preg                              |  16|   0|   16|          0|
    |ap_return_39_preg                              |  16|   0|   16|          0|
    |ap_return_3_preg                               |  16|   0|   16|          0|
    |ap_return_40_preg                              |  16|   0|   16|          0|
    |ap_return_41_preg                              |  16|   0|   16|          0|
    |ap_return_42_preg                              |  16|   0|   16|          0|
    |ap_return_43_preg                              |  16|   0|   16|          0|
    |ap_return_44_preg                              |  16|   0|   16|          0|
    |ap_return_45_preg                              |  16|   0|   16|          0|
    |ap_return_46_preg                              |  16|   0|   16|          0|
    |ap_return_47_preg                              |  16|   0|   16|          0|
    |ap_return_48_preg                              |  16|   0|   16|          0|
    |ap_return_49_preg                              |  16|   0|   16|          0|
    |ap_return_4_preg                               |  16|   0|   16|          0|
    |ap_return_50_preg                              |  16|   0|   16|          0|
    |ap_return_51_preg                              |  16|   0|   16|          0|
    |ap_return_52_preg                              |  16|   0|   16|          0|
    |ap_return_53_preg                              |  16|   0|   16|          0|
    |ap_return_54_preg                              |  16|   0|   16|          0|
    |ap_return_55_preg                              |  16|   0|   16|          0|
    |ap_return_56_preg                              |  16|   0|   16|          0|
    |ap_return_57_preg                              |  16|   0|   16|          0|
    |ap_return_58_preg                              |  16|   0|   16|          0|
    |ap_return_59_preg                              |  16|   0|   16|          0|
    |ap_return_5_preg                               |  16|   0|   16|          0|
    |ap_return_60_preg                              |  16|   0|   16|          0|
    |ap_return_61_preg                              |  16|   0|   16|          0|
    |ap_return_62_preg                              |  16|   0|   16|          0|
    |ap_return_63_preg                              |  16|   0|   16|          0|
    |ap_return_6_preg                               |  16|   0|   16|          0|
    |ap_return_7_preg                               |  16|   0|   16|          0|
    |ap_return_8_preg                               |  16|   0|   16|          0|
    |ap_return_9_preg                               |  16|   0|   16|          0|
    |do_init_reg_723                                |   1|   0|    1|          0|
    |icmp_ln43_reg_6962                             |   1|   0|    1|          0|
    |p_read10145_phi_reg_1096                       |  15|   0|   15|          0|
    |p_read11146_phi_reg_1108                       |  15|   0|   15|          0|
    |p_read1136_phi_reg_988                         |  15|   0|   15|          0|
    |p_read12147_phi_reg_1120                       |  15|   0|   15|          0|
    |p_read13148_phi_reg_1132                       |  15|   0|   15|          0|
    |p_read135_phi_reg_976                          |  15|   0|   15|          0|
    |p_read14149_phi_reg_1144                       |  15|   0|   15|          0|
    |p_read15150_phi_reg_1156                       |  15|   0|   15|          0|
    |p_read2137_phi_reg_1000                        |  15|   0|   15|          0|
    |p_read3138_phi_reg_1012                        |  15|   0|   15|          0|
    |p_read4139_phi_reg_1024                        |  15|   0|   15|          0|
    |p_read5140_phi_reg_1036                        |  15|   0|   15|          0|
    |p_read6141_phi_reg_1048                        |  15|   0|   15|          0|
    |p_read7142_phi_reg_1060                        |  15|   0|   15|          0|
    |p_read8143_phi_reg_1072                        |  15|   0|   15|          0|
    |p_read9144_phi_reg_1084                        |  15|   0|   15|          0|
    |res_0_0130_reg_1168                            |  16|   0|   16|          0|
    |res_10_0110_reg_1308                           |  16|   0|   16|          0|
    |res_11_0108_reg_1322                           |  16|   0|   16|          0|
    |res_12_0106_reg_1336                           |  16|   0|   16|          0|
    |res_13_0104_reg_1350                           |  16|   0|   16|          0|
    |res_14_0102_reg_1364                           |  16|   0|   16|          0|
    |res_15_0100_reg_1378                           |  16|   0|   16|          0|
    |res_16_098_reg_1392                            |  16|   0|   16|          0|
    |res_17_096_reg_1406                            |  16|   0|   16|          0|
    |res_18_094_reg_1420                            |  16|   0|   16|          0|
    |res_19_092_reg_1434                            |  16|   0|   16|          0|
    |res_1_0128_reg_1182                            |  16|   0|   16|          0|
    |res_20_090_reg_1448                            |  16|   0|   16|          0|
    |res_21_088_reg_1462                            |  16|   0|   16|          0|
    |res_22_086_reg_1476                            |  16|   0|   16|          0|
    |res_23_084_reg_1490                            |  16|   0|   16|          0|
    |res_24_082_reg_1504                            |  16|   0|   16|          0|
    |res_25_080_reg_1518                            |  16|   0|   16|          0|
    |res_26_078_reg_1532                            |  16|   0|   16|          0|
    |res_27_076_reg_1546                            |  16|   0|   16|          0|
    |res_28_074_reg_1560                            |  16|   0|   16|          0|
    |res_29_072_reg_1574                            |  16|   0|   16|          0|
    |res_2_0126_reg_1196                            |  16|   0|   16|          0|
    |res_30_070_reg_1588                            |  16|   0|   16|          0|
    |res_31_068_reg_1602                            |  16|   0|   16|          0|
    |res_32_066_reg_1616                            |  16|   0|   16|          0|
    |res_33_064_reg_1630                            |  16|   0|   16|          0|
    |res_34_062_reg_1644                            |  16|   0|   16|          0|
    |res_35_060_reg_1658                            |  16|   0|   16|          0|
    |res_36_058_reg_1672                            |  16|   0|   16|          0|
    |res_37_056_reg_1686                            |  16|   0|   16|          0|
    |res_38_054_reg_1700                            |  16|   0|   16|          0|
    |res_39_052_reg_1714                            |  16|   0|   16|          0|
    |res_3_0124_reg_1210                            |  16|   0|   16|          0|
    |res_40_050_reg_1728                            |  16|   0|   16|          0|
    |res_41_048_reg_1742                            |  16|   0|   16|          0|
    |res_42_046_reg_1756                            |  16|   0|   16|          0|
    |res_43_044_reg_1770                            |  16|   0|   16|          0|
    |res_44_042_reg_1784                            |  16|   0|   16|          0|
    |res_45_040_reg_1798                            |  16|   0|   16|          0|
    |res_46_038_reg_1812                            |  16|   0|   16|          0|
    |res_47_036_reg_1826                            |  16|   0|   16|          0|
    |res_48_034_reg_1840                            |  16|   0|   16|          0|
    |res_49_032_reg_1854                            |  16|   0|   16|          0|
    |res_4_0122_reg_1224                            |  16|   0|   16|          0|
    |res_50_030_reg_1868                            |  16|   0|   16|          0|
    |res_51_028_reg_1882                            |  16|   0|   16|          0|
    |res_52_026_reg_1896                            |  16|   0|   16|          0|
    |res_53_024_reg_1910                            |  16|   0|   16|          0|
    |res_54_022_reg_1924                            |  16|   0|   16|          0|
    |res_55_020_reg_1938                            |  16|   0|   16|          0|
    |res_56_018_reg_1952                            |  16|   0|   16|          0|
    |res_57_016_reg_1966                            |  16|   0|   16|          0|
    |res_58_014_reg_1980                            |  16|   0|   16|          0|
    |res_59_012_reg_1994                            |  16|   0|   16|          0|
    |res_5_0120_reg_1238                            |  16|   0|   16|          0|
    |res_60_010_reg_2008                            |  16|   0|   16|          0|
    |res_61_08_reg_2022                             |  16|   0|   16|          0|
    |res_62_06_reg_2036                             |  16|   0|   16|          0|
    |res_63_04_reg_2050                             |  16|   0|   16|          0|
    |res_6_0118_reg_1252                            |  16|   0|   16|          0|
    |res_7_0116_reg_1266                            |  16|   0|   16|          0|
    |res_8_0114_reg_1280                            |  16|   0|   16|          0|
    |res_9_0112_reg_1294                            |  16|   0|   16|          0|
    |tmp_reg_7612                                   |   9|   0|    9|          0|
    |trunc_ln2_reg_8397                             |  16|   0|   16|          0|
    |trunc_ln55_100_reg_8902                        |  16|   0|   16|          0|
    |trunc_ln55_101_reg_8907                        |  16|   0|   16|          0|
    |trunc_ln55_102_reg_8912                        |  16|   0|   16|          0|
    |trunc_ln55_103_reg_8917                        |  16|   0|   16|          0|
    |trunc_ln55_104_reg_8922                        |  16|   0|   16|          0|
    |trunc_ln55_105_reg_8927                        |  16|   0|   16|          0|
    |trunc_ln55_106_reg_8932                        |  16|   0|   16|          0|
    |trunc_ln55_107_reg_8937                        |  16|   0|   16|          0|
    |trunc_ln55_108_reg_8942                        |  16|   0|   16|          0|
    |trunc_ln55_109_reg_8947                        |  16|   0|   16|          0|
    |trunc_ln55_10_reg_8452                         |  16|   0|   16|          0|
    |trunc_ln55_110_reg_8952                        |  16|   0|   16|          0|
    |trunc_ln55_111_reg_8957                        |  16|   0|   16|          0|
    |trunc_ln55_112_reg_8962                        |  16|   0|   16|          0|
    |trunc_ln55_113_reg_8967                        |  16|   0|   16|          0|
    |trunc_ln55_114_reg_8972                        |  16|   0|   16|          0|
    |trunc_ln55_115_reg_8977                        |  16|   0|   16|          0|
    |trunc_ln55_116_reg_8982                        |  16|   0|   16|          0|
    |trunc_ln55_117_reg_8987                        |  16|   0|   16|          0|
    |trunc_ln55_118_reg_8992                        |  16|   0|   16|          0|
    |trunc_ln55_119_reg_8997                        |  16|   0|   16|          0|
    |trunc_ln55_11_reg_8457                         |  16|   0|   16|          0|
    |trunc_ln55_120_reg_9002                        |  16|   0|   16|          0|
    |trunc_ln55_121_reg_9007                        |  16|   0|   16|          0|
    |trunc_ln55_122_reg_9012                        |  16|   0|   16|          0|
    |trunc_ln55_123_reg_9017                        |  16|   0|   16|          0|
    |trunc_ln55_124_reg_9022                        |  16|   0|   16|          0|
    |trunc_ln55_125_reg_9027                        |  16|   0|   16|          0|
    |trunc_ln55_126_reg_9032                        |  14|   0|   14|          0|
    |trunc_ln55_12_reg_8462                         |  16|   0|   16|          0|
    |trunc_ln55_13_reg_8467                         |  16|   0|   16|          0|
    |trunc_ln55_14_reg_8472                         |  16|   0|   16|          0|
    |trunc_ln55_15_reg_8477                         |  16|   0|   16|          0|
    |trunc_ln55_16_reg_8482                         |  16|   0|   16|          0|
    |trunc_ln55_17_reg_8487                         |  16|   0|   16|          0|
    |trunc_ln55_18_reg_8492                         |  16|   0|   16|          0|
    |trunc_ln55_19_reg_8497                         |  16|   0|   16|          0|
    |trunc_ln55_1_reg_8402                          |  16|   0|   16|          0|
    |trunc_ln55_20_reg_8502                         |  16|   0|   16|          0|
    |trunc_ln55_21_reg_8507                         |  16|   0|   16|          0|
    |trunc_ln55_22_reg_8512                         |  16|   0|   16|          0|
    |trunc_ln55_23_reg_8517                         |  16|   0|   16|          0|
    |trunc_ln55_24_reg_8522                         |  16|   0|   16|          0|
    |trunc_ln55_25_reg_8527                         |  16|   0|   16|          0|
    |trunc_ln55_26_reg_8532                         |  16|   0|   16|          0|
    |trunc_ln55_27_reg_8537                         |  16|   0|   16|          0|
    |trunc_ln55_28_reg_8542                         |  16|   0|   16|          0|
    |trunc_ln55_29_reg_8547                         |  16|   0|   16|          0|
    |trunc_ln55_2_reg_8407                          |  16|   0|   16|          0|
    |trunc_ln55_30_reg_8552                         |  16|   0|   16|          0|
    |trunc_ln55_31_reg_8557                         |  16|   0|   16|          0|
    |trunc_ln55_32_reg_8562                         |  16|   0|   16|          0|
    |trunc_ln55_33_reg_8567                         |  16|   0|   16|          0|
    |trunc_ln55_34_reg_8572                         |  16|   0|   16|          0|
    |trunc_ln55_35_reg_8577                         |  16|   0|   16|          0|
    |trunc_ln55_36_reg_8582                         |  16|   0|   16|          0|
    |trunc_ln55_37_reg_8587                         |  16|   0|   16|          0|
    |trunc_ln55_38_reg_8592                         |  16|   0|   16|          0|
    |trunc_ln55_39_reg_8597                         |  16|   0|   16|          0|
    |trunc_ln55_3_reg_8412                          |  16|   0|   16|          0|
    |trunc_ln55_40_reg_8602                         |  16|   0|   16|          0|
    |trunc_ln55_41_reg_8607                         |  16|   0|   16|          0|
    |trunc_ln55_42_reg_8612                         |  16|   0|   16|          0|
    |trunc_ln55_43_reg_8617                         |  16|   0|   16|          0|
    |trunc_ln55_44_reg_8622                         |  16|   0|   16|          0|
    |trunc_ln55_45_reg_8627                         |  16|   0|   16|          0|
    |trunc_ln55_46_reg_8632                         |  16|   0|   16|          0|
    |trunc_ln55_47_reg_8637                         |  16|   0|   16|          0|
    |trunc_ln55_48_reg_8642                         |  16|   0|   16|          0|
    |trunc_ln55_49_reg_8647                         |  16|   0|   16|          0|
    |trunc_ln55_4_reg_8417                          |  16|   0|   16|          0|
    |trunc_ln55_50_reg_8652                         |  16|   0|   16|          0|
    |trunc_ln55_51_reg_8657                         |  16|   0|   16|          0|
    |trunc_ln55_52_reg_8662                         |  16|   0|   16|          0|
    |trunc_ln55_53_reg_8667                         |  16|   0|   16|          0|
    |trunc_ln55_54_reg_8672                         |  16|   0|   16|          0|
    |trunc_ln55_55_reg_8677                         |  16|   0|   16|          0|
    |trunc_ln55_56_reg_8682                         |  16|   0|   16|          0|
    |trunc_ln55_57_reg_8687                         |  16|   0|   16|          0|
    |trunc_ln55_58_reg_8692                         |  16|   0|   16|          0|
    |trunc_ln55_59_reg_8697                         |  16|   0|   16|          0|
    |trunc_ln55_5_reg_8422                          |  16|   0|   16|          0|
    |trunc_ln55_60_reg_8702                         |  16|   0|   16|          0|
    |trunc_ln55_61_reg_8707                         |  16|   0|   16|          0|
    |trunc_ln55_62_reg_8712                         |  16|   0|   16|          0|
    |trunc_ln55_63_reg_8717                         |  16|   0|   16|          0|
    |trunc_ln55_64_reg_8722                         |  16|   0|   16|          0|
    |trunc_ln55_65_reg_8727                         |  16|   0|   16|          0|
    |trunc_ln55_66_reg_8732                         |  16|   0|   16|          0|
    |trunc_ln55_67_reg_8737                         |  16|   0|   16|          0|
    |trunc_ln55_68_reg_8742                         |  16|   0|   16|          0|
    |trunc_ln55_69_reg_8747                         |  16|   0|   16|          0|
    |trunc_ln55_6_reg_8427                          |  16|   0|   16|          0|
    |trunc_ln55_70_reg_8752                         |  16|   0|   16|          0|
    |trunc_ln55_71_reg_8757                         |  16|   0|   16|          0|
    |trunc_ln55_72_reg_8762                         |  16|   0|   16|          0|
    |trunc_ln55_73_reg_8767                         |  16|   0|   16|          0|
    |trunc_ln55_74_reg_8772                         |  16|   0|   16|          0|
    |trunc_ln55_75_reg_8777                         |  16|   0|   16|          0|
    |trunc_ln55_76_reg_8782                         |  16|   0|   16|          0|
    |trunc_ln55_77_reg_8787                         |  16|   0|   16|          0|
    |trunc_ln55_78_reg_8792                         |  16|   0|   16|          0|
    |trunc_ln55_79_reg_8797                         |  16|   0|   16|          0|
    |trunc_ln55_7_reg_8432                          |  16|   0|   16|          0|
    |trunc_ln55_80_reg_8802                         |  16|   0|   16|          0|
    |trunc_ln55_81_reg_8807                         |  16|   0|   16|          0|
    |trunc_ln55_82_reg_8812                         |  16|   0|   16|          0|
    |trunc_ln55_83_reg_8817                         |  16|   0|   16|          0|
    |trunc_ln55_84_reg_8822                         |  16|   0|   16|          0|
    |trunc_ln55_85_reg_8827                         |  16|   0|   16|          0|
    |trunc_ln55_86_reg_8832                         |  16|   0|   16|          0|
    |trunc_ln55_87_reg_8837                         |  16|   0|   16|          0|
    |trunc_ln55_88_reg_8842                         |  16|   0|   16|          0|
    |trunc_ln55_89_reg_8847                         |  16|   0|   16|          0|
    |trunc_ln55_8_reg_8437                          |  16|   0|   16|          0|
    |trunc_ln55_90_reg_8852                         |  16|   0|   16|          0|
    |trunc_ln55_91_reg_8857                         |  16|   0|   16|          0|
    |trunc_ln55_92_reg_8862                         |  16|   0|   16|          0|
    |trunc_ln55_93_reg_8867                         |  16|   0|   16|          0|
    |trunc_ln55_94_reg_8872                         |  16|   0|   16|          0|
    |trunc_ln55_95_reg_8877                         |  16|   0|   16|          0|
    |trunc_ln55_96_reg_8882                         |  16|   0|   16|          0|
    |trunc_ln55_97_reg_8887                         |  16|   0|   16|          0|
    |trunc_ln55_98_reg_8892                         |  16|   0|   16|          0|
    |trunc_ln55_99_reg_8897                         |  16|   0|   16|          0|
    |trunc_ln55_9_reg_8442                          |  16|   0|   16|          0|
    |trunc_ln55_s_reg_8447                          |  16|   0|   16|          0|
    |w_100_reg_7477                                 |  16|   0|   16|          0|
    |w_101_reg_7482                                 |  16|   0|   16|          0|
    |w_102_reg_7487                                 |  16|   0|   16|          0|
    |w_103_reg_7492                                 |  16|   0|   16|          0|
    |w_104_reg_7497                                 |  16|   0|   16|          0|
    |w_105_reg_7502                                 |  16|   0|   16|          0|
    |w_106_reg_7507                                 |  16|   0|   16|          0|
    |w_107_reg_7512                                 |  16|   0|   16|          0|
    |w_108_reg_7517                                 |  16|   0|   16|          0|
    |w_109_reg_7522                                 |  16|   0|   16|          0|
    |w_10_reg_7027                                  |  16|   0|   16|          0|
    |w_110_reg_7527                                 |  16|   0|   16|          0|
    |w_111_reg_7532                                 |  16|   0|   16|          0|
    |w_112_reg_7537                                 |  16|   0|   16|          0|
    |w_113_reg_7542                                 |  16|   0|   16|          0|
    |w_114_reg_7547                                 |  16|   0|   16|          0|
    |w_115_reg_7552                                 |  16|   0|   16|          0|
    |w_116_reg_7557                                 |  16|   0|   16|          0|
    |w_117_reg_7562                                 |  16|   0|   16|          0|
    |w_118_reg_7567                                 |  16|   0|   16|          0|
    |w_119_reg_7572                                 |  16|   0|   16|          0|
    |w_11_reg_7032                                  |  16|   0|   16|          0|
    |w_120_reg_7577                                 |  16|   0|   16|          0|
    |w_121_reg_7582                                 |  16|   0|   16|          0|
    |w_122_reg_7587                                 |  16|   0|   16|          0|
    |w_123_reg_7592                                 |  16|   0|   16|          0|
    |w_124_reg_7597                                 |  16|   0|   16|          0|
    |w_125_reg_7602                                 |  16|   0|   16|          0|
    |w_126_reg_7607                                 |  16|   0|   16|          0|
    |w_12_reg_7037                                  |  16|   0|   16|          0|
    |w_13_reg_7042                                  |  16|   0|   16|          0|
    |w_14_reg_7047                                  |  16|   0|   16|          0|
    |w_15_reg_7052                                  |  16|   0|   16|          0|
    |w_16_reg_7057                                  |  16|   0|   16|          0|
    |w_17_reg_7062                                  |  16|   0|   16|          0|
    |w_18_reg_7067                                  |  16|   0|   16|          0|
    |w_19_reg_7072                                  |  16|   0|   16|          0|
    |w_1_reg_6982                                   |  16|   0|   16|          0|
    |w_20_reg_7077                                  |  16|   0|   16|          0|
    |w_21_reg_7082                                  |  16|   0|   16|          0|
    |w_22_reg_7087                                  |  16|   0|   16|          0|
    |w_23_reg_7092                                  |  16|   0|   16|          0|
    |w_24_reg_7097                                  |  16|   0|   16|          0|
    |w_25_reg_7102                                  |  16|   0|   16|          0|
    |w_26_reg_7107                                  |  16|   0|   16|          0|
    |w_27_reg_7112                                  |  16|   0|   16|          0|
    |w_28_reg_7117                                  |  16|   0|   16|          0|
    |w_29_reg_7122                                  |  16|   0|   16|          0|
    |w_2_reg_6987                                   |  16|   0|   16|          0|
    |w_30_reg_7127                                  |  16|   0|   16|          0|
    |w_31_reg_7132                                  |  16|   0|   16|          0|
    |w_32_reg_7137                                  |  16|   0|   16|          0|
    |w_33_reg_7142                                  |  16|   0|   16|          0|
    |w_34_reg_7147                                  |  16|   0|   16|          0|
    |w_35_reg_7152                                  |  16|   0|   16|          0|
    |w_36_reg_7157                                  |  16|   0|   16|          0|
    |w_37_reg_7162                                  |  16|   0|   16|          0|
    |w_38_reg_7167                                  |  16|   0|   16|          0|
    |w_39_reg_7172                                  |  16|   0|   16|          0|
    |w_3_reg_6992                                   |  16|   0|   16|          0|
    |w_40_reg_7177                                  |  16|   0|   16|          0|
    |w_41_reg_7182                                  |  16|   0|   16|          0|
    |w_42_reg_7187                                  |  16|   0|   16|          0|
    |w_43_reg_7192                                  |  16|   0|   16|          0|
    |w_44_reg_7197                                  |  16|   0|   16|          0|
    |w_45_reg_7202                                  |  16|   0|   16|          0|
    |w_46_reg_7207                                  |  16|   0|   16|          0|
    |w_47_reg_7212                                  |  16|   0|   16|          0|
    |w_48_reg_7217                                  |  16|   0|   16|          0|
    |w_49_reg_7222                                  |  16|   0|   16|          0|
    |w_4_reg_6997                                   |  16|   0|   16|          0|
    |w_50_reg_7227                                  |  16|   0|   16|          0|
    |w_51_reg_7232                                  |  16|   0|   16|          0|
    |w_52_reg_7237                                  |  16|   0|   16|          0|
    |w_53_reg_7242                                  |  16|   0|   16|          0|
    |w_54_reg_7247                                  |  16|   0|   16|          0|
    |w_55_reg_7252                                  |  16|   0|   16|          0|
    |w_56_reg_7257                                  |  16|   0|   16|          0|
    |w_57_reg_7262                                  |  16|   0|   16|          0|
    |w_58_reg_7267                                  |  16|   0|   16|          0|
    |w_59_reg_7272                                  |  16|   0|   16|          0|
    |w_5_reg_7002                                   |  16|   0|   16|          0|
    |w_60_reg_7277                                  |  16|   0|   16|          0|
    |w_61_reg_7282                                  |  16|   0|   16|          0|
    |w_62_reg_7287                                  |  16|   0|   16|          0|
    |w_63_reg_7292                                  |  16|   0|   16|          0|
    |w_64_reg_7297                                  |  16|   0|   16|          0|
    |w_65_reg_7302                                  |  16|   0|   16|          0|
    |w_66_reg_7307                                  |  16|   0|   16|          0|
    |w_67_reg_7312                                  |  16|   0|   16|          0|
    |w_68_reg_7317                                  |  16|   0|   16|          0|
    |w_69_reg_7322                                  |  16|   0|   16|          0|
    |w_6_reg_7007                                   |  16|   0|   16|          0|
    |w_70_reg_7327                                  |  16|   0|   16|          0|
    |w_71_reg_7332                                  |  16|   0|   16|          0|
    |w_72_reg_7337                                  |  16|   0|   16|          0|
    |w_73_reg_7342                                  |  16|   0|   16|          0|
    |w_74_reg_7347                                  |  16|   0|   16|          0|
    |w_75_reg_7352                                  |  16|   0|   16|          0|
    |w_76_reg_7357                                  |  16|   0|   16|          0|
    |w_77_reg_7362                                  |  16|   0|   16|          0|
    |w_78_reg_7367                                  |  16|   0|   16|          0|
    |w_79_reg_7372                                  |  16|   0|   16|          0|
    |w_7_reg_7012                                   |  16|   0|   16|          0|
    |w_80_reg_7377                                  |  16|   0|   16|          0|
    |w_81_reg_7382                                  |  16|   0|   16|          0|
    |w_82_reg_7387                                  |  16|   0|   16|          0|
    |w_83_reg_7392                                  |  16|   0|   16|          0|
    |w_84_reg_7397                                  |  16|   0|   16|          0|
    |w_85_reg_7402                                  |  16|   0|   16|          0|
    |w_86_reg_7407                                  |  16|   0|   16|          0|
    |w_87_reg_7412                                  |  16|   0|   16|          0|
    |w_88_reg_7417                                  |  16|   0|   16|          0|
    |w_89_reg_7422                                  |  16|   0|   16|          0|
    |w_8_reg_7017                                   |  16|   0|   16|          0|
    |w_90_reg_7427                                  |  16|   0|   16|          0|
    |w_91_reg_7432                                  |  16|   0|   16|          0|
    |w_92_reg_7437                                  |  16|   0|   16|          0|
    |w_93_reg_7442                                  |  16|   0|   16|          0|
    |w_94_reg_7447                                  |  16|   0|   16|          0|
    |w_95_reg_7452                                  |  16|   0|   16|          0|
    |w_96_reg_7457                                  |  16|   0|   16|          0|
    |w_97_reg_7462                                  |  16|   0|   16|          0|
    |w_98_reg_7467                                  |  16|   0|   16|          0|
    |w_99_reg_7472                                  |  16|   0|   16|          0|
    |w_9_reg_7022                                   |  16|   0|   16|          0|
    |w_index3_reg_738                               |   3|   0|    3|          0|
    |w_index_reg_6957                               |   3|   0|    3|          0|
    |w_reg_6971                                     |  16|   0|   16|          0|
    |icmp_ln43_reg_6962                             |  64|  32|    1|          0|
    +-----------------------------------------------+----+----+-----+-----------+
    |Total                                          |6727|  32| 6664|          0|
    +-----------------------------------------------+----+----+-----+-----------+



================================================================
== Interface
================================================================
* Summary: 
+--------------+-----+-----+------------+-----------------------------------------------------------------------------+--------------+
|   RTL Ports  | Dir | Bits|  Protocol  |                                Source Object                                |    C Type    |
+--------------+-----+-----+------------+-----------------------------------------------------------------------------+--------------+
|ap_clk        |   in|    1|  ap_ctrl_hs|  dense_resource<ap_fixed<16, 6, 5, 3, 0>, ap_fixed<16, 6, 5, 3, 0>, config4>|  return value|
|ap_rst        |   in|    1|  ap_ctrl_hs|  dense_resource<ap_fixed<16, 6, 5, 3, 0>, ap_fixed<16, 6, 5, 3, 0>, config4>|  return value|
|ap_start      |   in|    1|  ap_ctrl_hs|  dense_resource<ap_fixed<16, 6, 5, 3, 0>, ap_fixed<16, 6, 5, 3, 0>, config4>|  return value|
|ap_done       |  out|    1|  ap_ctrl_hs|  dense_resource<ap_fixed<16, 6, 5, 3, 0>, ap_fixed<16, 6, 5, 3, 0>, config4>|  return value|
|ap_continue   |   in|    1|  ap_ctrl_hs|  dense_resource<ap_fixed<16, 6, 5, 3, 0>, ap_fixed<16, 6, 5, 3, 0>, config4>|  return value|
|ap_idle       |  out|    1|  ap_ctrl_hs|  dense_resource<ap_fixed<16, 6, 5, 3, 0>, ap_fixed<16, 6, 5, 3, 0>, config4>|  return value|
|ap_ready      |  out|    1|  ap_ctrl_hs|  dense_resource<ap_fixed<16, 6, 5, 3, 0>, ap_fixed<16, 6, 5, 3, 0>, config4>|  return value|
|ap_return_0   |  out|   16|  ap_ctrl_hs|  dense_resource<ap_fixed<16, 6, 5, 3, 0>, ap_fixed<16, 6, 5, 3, 0>, config4>|  return value|
|ap_return_1   |  out|   16|  ap_ctrl_hs|  dense_resource<ap_fixed<16, 6, 5, 3, 0>, ap_fixed<16, 6, 5, 3, 0>, config4>|  return value|
|ap_return_2   |  out|   16|  ap_ctrl_hs|  dense_resource<ap_fixed<16, 6, 5, 3, 0>, ap_fixed<16, 6, 5, 3, 0>, config4>|  return value|
|ap_return_3   |  out|   16|  ap_ctrl_hs|  dense_resource<ap_fixed<16, 6, 5, 3, 0>, ap_fixed<16, 6, 5, 3, 0>, config4>|  return value|
|ap_return_4   |  out|   16|  ap_ctrl_hs|  dense_resource<ap_fixed<16, 6, 5, 3, 0>, ap_fixed<16, 6, 5, 3, 0>, config4>|  return value|
|ap_return_5   |  out|   16|  ap_ctrl_hs|  dense_resource<ap_fixed<16, 6, 5, 3, 0>, ap_fixed<16, 6, 5, 3, 0>, config4>|  return value|
|ap_return_6   |  out|   16|  ap_ctrl_hs|  dense_resource<ap_fixed<16, 6, 5, 3, 0>, ap_fixed<16, 6, 5, 3, 0>, config4>|  return value|
|ap_return_7   |  out|   16|  ap_ctrl_hs|  dense_resource<ap_fixed<16, 6, 5, 3, 0>, ap_fixed<16, 6, 5, 3, 0>, config4>|  return value|
|ap_return_8   |  out|   16|  ap_ctrl_hs|  dense_resource<ap_fixed<16, 6, 5, 3, 0>, ap_fixed<16, 6, 5, 3, 0>, config4>|  return value|
|ap_return_9   |  out|   16|  ap_ctrl_hs|  dense_resource<ap_fixed<16, 6, 5, 3, 0>, ap_fixed<16, 6, 5, 3, 0>, config4>|  return value|
|ap_return_10  |  out|   16|  ap_ctrl_hs|  dense_resource<ap_fixed<16, 6, 5, 3, 0>, ap_fixed<16, 6, 5, 3, 0>, config4>|  return value|
|ap_return_11  |  out|   16|  ap_ctrl_hs|  dense_resource<ap_fixed<16, 6, 5, 3, 0>, ap_fixed<16, 6, 5, 3, 0>, config4>|  return value|
|ap_return_12  |  out|   16|  ap_ctrl_hs|  dense_resource<ap_fixed<16, 6, 5, 3, 0>, ap_fixed<16, 6, 5, 3, 0>, config4>|  return value|
|ap_return_13  |  out|   16|  ap_ctrl_hs|  dense_resource<ap_fixed<16, 6, 5, 3, 0>, ap_fixed<16, 6, 5, 3, 0>, config4>|  return value|
|ap_return_14  |  out|   16|  ap_ctrl_hs|  dense_resource<ap_fixed<16, 6, 5, 3, 0>, ap_fixed<16, 6, 5, 3, 0>, config4>|  return value|
|ap_return_15  |  out|   16|  ap_ctrl_hs|  dense_resource<ap_fixed<16, 6, 5, 3, 0>, ap_fixed<16, 6, 5, 3, 0>, config4>|  return value|
|ap_return_16  |  out|   16|  ap_ctrl_hs|  dense_resource<ap_fixed<16, 6, 5, 3, 0>, ap_fixed<16, 6, 5, 3, 0>, config4>|  return value|
|ap_return_17  |  out|   16|  ap_ctrl_hs|  dense_resource<ap_fixed<16, 6, 5, 3, 0>, ap_fixed<16, 6, 5, 3, 0>, config4>|  return value|
|ap_return_18  |  out|   16|  ap_ctrl_hs|  dense_resource<ap_fixed<16, 6, 5, 3, 0>, ap_fixed<16, 6, 5, 3, 0>, config4>|  return value|
|ap_return_19  |  out|   16|  ap_ctrl_hs|  dense_resource<ap_fixed<16, 6, 5, 3, 0>, ap_fixed<16, 6, 5, 3, 0>, config4>|  return value|
|ap_return_20  |  out|   16|  ap_ctrl_hs|  dense_resource<ap_fixed<16, 6, 5, 3, 0>, ap_fixed<16, 6, 5, 3, 0>, config4>|  return value|
|ap_return_21  |  out|   16|  ap_ctrl_hs|  dense_resource<ap_fixed<16, 6, 5, 3, 0>, ap_fixed<16, 6, 5, 3, 0>, config4>|  return value|
|ap_return_22  |  out|   16|  ap_ctrl_hs|  dense_resource<ap_fixed<16, 6, 5, 3, 0>, ap_fixed<16, 6, 5, 3, 0>, config4>|  return value|
|ap_return_23  |  out|   16|  ap_ctrl_hs|  dense_resource<ap_fixed<16, 6, 5, 3, 0>, ap_fixed<16, 6, 5, 3, 0>, config4>|  return value|
|ap_return_24  |  out|   16|  ap_ctrl_hs|  dense_resource<ap_fixed<16, 6, 5, 3, 0>, ap_fixed<16, 6, 5, 3, 0>, config4>|  return value|
|ap_return_25  |  out|   16|  ap_ctrl_hs|  dense_resource<ap_fixed<16, 6, 5, 3, 0>, ap_fixed<16, 6, 5, 3, 0>, config4>|  return value|
|ap_return_26  |  out|   16|  ap_ctrl_hs|  dense_resource<ap_fixed<16, 6, 5, 3, 0>, ap_fixed<16, 6, 5, 3, 0>, config4>|  return value|
|ap_return_27  |  out|   16|  ap_ctrl_hs|  dense_resource<ap_fixed<16, 6, 5, 3, 0>, ap_fixed<16, 6, 5, 3, 0>, config4>|  return value|
|ap_return_28  |  out|   16|  ap_ctrl_hs|  dense_resource<ap_fixed<16, 6, 5, 3, 0>, ap_fixed<16, 6, 5, 3, 0>, config4>|  return value|
|ap_return_29  |  out|   16|  ap_ctrl_hs|  dense_resource<ap_fixed<16, 6, 5, 3, 0>, ap_fixed<16, 6, 5, 3, 0>, config4>|  return value|
|ap_return_30  |  out|   16|  ap_ctrl_hs|  dense_resource<ap_fixed<16, 6, 5, 3, 0>, ap_fixed<16, 6, 5, 3, 0>, config4>|  return value|
|ap_return_31  |  out|   16|  ap_ctrl_hs|  dense_resource<ap_fixed<16, 6, 5, 3, 0>, ap_fixed<16, 6, 5, 3, 0>, config4>|  return value|
|ap_return_32  |  out|   16|  ap_ctrl_hs|  dense_resource<ap_fixed<16, 6, 5, 3, 0>, ap_fixed<16, 6, 5, 3, 0>, config4>|  return value|
|ap_return_33  |  out|   16|  ap_ctrl_hs|  dense_resource<ap_fixed<16, 6, 5, 3, 0>, ap_fixed<16, 6, 5, 3, 0>, config4>|  return value|
|ap_return_34  |  out|   16|  ap_ctrl_hs|  dense_resource<ap_fixed<16, 6, 5, 3, 0>, ap_fixed<16, 6, 5, 3, 0>, config4>|  return value|
|ap_return_35  |  out|   16|  ap_ctrl_hs|  dense_resource<ap_fixed<16, 6, 5, 3, 0>, ap_fixed<16, 6, 5, 3, 0>, config4>|  return value|
|ap_return_36  |  out|   16|  ap_ctrl_hs|  dense_resource<ap_fixed<16, 6, 5, 3, 0>, ap_fixed<16, 6, 5, 3, 0>, config4>|  return value|
|ap_return_37  |  out|   16|  ap_ctrl_hs|  dense_resource<ap_fixed<16, 6, 5, 3, 0>, ap_fixed<16, 6, 5, 3, 0>, config4>|  return value|
|ap_return_38  |  out|   16|  ap_ctrl_hs|  dense_resource<ap_fixed<16, 6, 5, 3, 0>, ap_fixed<16, 6, 5, 3, 0>, config4>|  return value|
|ap_return_39  |  out|   16|  ap_ctrl_hs|  dense_resource<ap_fixed<16, 6, 5, 3, 0>, ap_fixed<16, 6, 5, 3, 0>, config4>|  return value|
|ap_return_40  |  out|   16|  ap_ctrl_hs|  dense_resource<ap_fixed<16, 6, 5, 3, 0>, ap_fixed<16, 6, 5, 3, 0>, config4>|  return value|
|ap_return_41  |  out|   16|  ap_ctrl_hs|  dense_resource<ap_fixed<16, 6, 5, 3, 0>, ap_fixed<16, 6, 5, 3, 0>, config4>|  return value|
|ap_return_42  |  out|   16|  ap_ctrl_hs|  dense_resource<ap_fixed<16, 6, 5, 3, 0>, ap_fixed<16, 6, 5, 3, 0>, config4>|  return value|
|ap_return_43  |  out|   16|  ap_ctrl_hs|  dense_resource<ap_fixed<16, 6, 5, 3, 0>, ap_fixed<16, 6, 5, 3, 0>, config4>|  return value|
|ap_return_44  |  out|   16|  ap_ctrl_hs|  dense_resource<ap_fixed<16, 6, 5, 3, 0>, ap_fixed<16, 6, 5, 3, 0>, config4>|  return value|
|ap_return_45  |  out|   16|  ap_ctrl_hs|  dense_resource<ap_fixed<16, 6, 5, 3, 0>, ap_fixed<16, 6, 5, 3, 0>, config4>|  return value|
|ap_return_46  |  out|   16|  ap_ctrl_hs|  dense_resource<ap_fixed<16, 6, 5, 3, 0>, ap_fixed<16, 6, 5, 3, 0>, config4>|  return value|
|ap_return_47  |  out|   16|  ap_ctrl_hs|  dense_resource<ap_fixed<16, 6, 5, 3, 0>, ap_fixed<16, 6, 5, 3, 0>, config4>|  return value|
|ap_return_48  |  out|   16|  ap_ctrl_hs|  dense_resource<ap_fixed<16, 6, 5, 3, 0>, ap_fixed<16, 6, 5, 3, 0>, config4>|  return value|
|ap_return_49  |  out|   16|  ap_ctrl_hs|  dense_resource<ap_fixed<16, 6, 5, 3, 0>, ap_fixed<16, 6, 5, 3, 0>, config4>|  return value|
|ap_return_50  |  out|   16|  ap_ctrl_hs|  dense_resource<ap_fixed<16, 6, 5, 3, 0>, ap_fixed<16, 6, 5, 3, 0>, config4>|  return value|
|ap_return_51  |  out|   16|  ap_ctrl_hs|  dense_resource<ap_fixed<16, 6, 5, 3, 0>, ap_fixed<16, 6, 5, 3, 0>, config4>|  return value|
|ap_return_52  |  out|   16|  ap_ctrl_hs|  dense_resource<ap_fixed<16, 6, 5, 3, 0>, ap_fixed<16, 6, 5, 3, 0>, config4>|  return value|
|ap_return_53  |  out|   16|  ap_ctrl_hs|  dense_resource<ap_fixed<16, 6, 5, 3, 0>, ap_fixed<16, 6, 5, 3, 0>, config4>|  return value|
|ap_return_54  |  out|   16|  ap_ctrl_hs|  dense_resource<ap_fixed<16, 6, 5, 3, 0>, ap_fixed<16, 6, 5, 3, 0>, config4>|  return value|
|ap_return_55  |  out|   16|  ap_ctrl_hs|  dense_resource<ap_fixed<16, 6, 5, 3, 0>, ap_fixed<16, 6, 5, 3, 0>, config4>|  return value|
|ap_return_56  |  out|   16|  ap_ctrl_hs|  dense_resource<ap_fixed<16, 6, 5, 3, 0>, ap_fixed<16, 6, 5, 3, 0>, config4>|  return value|
|ap_return_57  |  out|   16|  ap_ctrl_hs|  dense_resource<ap_fixed<16, 6, 5, 3, 0>, ap_fixed<16, 6, 5, 3, 0>, config4>|  return value|
|ap_return_58  |  out|   16|  ap_ctrl_hs|  dense_resource<ap_fixed<16, 6, 5, 3, 0>, ap_fixed<16, 6, 5, 3, 0>, config4>|  return value|
|ap_return_59  |  out|   16|  ap_ctrl_hs|  dense_resource<ap_fixed<16, 6, 5, 3, 0>, ap_fixed<16, 6, 5, 3, 0>, config4>|  return value|
|ap_return_60  |  out|   16|  ap_ctrl_hs|  dense_resource<ap_fixed<16, 6, 5, 3, 0>, ap_fixed<16, 6, 5, 3, 0>, config4>|  return value|
|ap_return_61  |  out|   16|  ap_ctrl_hs|  dense_resource<ap_fixed<16, 6, 5, 3, 0>, ap_fixed<16, 6, 5, 3, 0>, config4>|  return value|
|ap_return_62  |  out|   16|  ap_ctrl_hs|  dense_resource<ap_fixed<16, 6, 5, 3, 0>, ap_fixed<16, 6, 5, 3, 0>, config4>|  return value|
|ap_return_63  |  out|   16|  ap_ctrl_hs|  dense_resource<ap_fixed<16, 6, 5, 3, 0>, ap_fixed<16, 6, 5, 3, 0>, config4>|  return value|
|p_read        |   in|   15|     ap_none|                                                                       p_read|        scalar|
|p_read1       |   in|   15|     ap_none|                                                                      p_read1|        scalar|
|p_read2       |   in|   15|     ap_none|                                                                      p_read2|        scalar|
|p_read3       |   in|   15|     ap_none|                                                                      p_read3|        scalar|
|p_read4       |   in|   15|     ap_none|                                                                      p_read4|        scalar|
|p_read5       |   in|   15|     ap_none|                                                                      p_read5|        scalar|
|p_read6       |   in|   15|     ap_none|                                                                      p_read6|        scalar|
|p_read7       |   in|   15|     ap_none|                                                                      p_read7|        scalar|
|p_read8       |   in|   15|     ap_none|                                                                      p_read8|        scalar|
|p_read9       |   in|   15|     ap_none|                                                                      p_read9|        scalar|
|p_read10      |   in|   15|     ap_none|                                                                     p_read10|        scalar|
|p_read11      |   in|   15|     ap_none|                                                                     p_read11|        scalar|
|p_read12      |   in|   15|     ap_none|                                                                     p_read12|        scalar|
|p_read13      |   in|   15|     ap_none|                                                                     p_read13|        scalar|
|p_read14      |   in|   15|     ap_none|                                                                     p_read14|        scalar|
|p_read15      |   in|   15|     ap_none|                                                                     p_read15|        scalar|
+--------------+-----+-----+------------+-----------------------------------------------------------------------------+--------------+

