

================================================================
== Vitis HLS Report for 'dense_resource_ap_fixed_32_6_5_3_0_ap_fixed_32_6_5_3_0_config4_s'
================================================================
* Date:           Sun Dec  7 22:01:39 2025

* Version:        2023.1 (Build 3854077 on May  4 2023)
* Project:        myproject_prj
* Solution:       solution1 (Vivado IP Flow Target)
* Product family: zynq
* Target device:  xc7z020-clg400-1


================================================================
== Performance Estimates
================================================================
+ Timing: 
    * Summary: 
    +--------+---------+-----------+------------+
    |  Clock |  Target | Estimated | Uncertainty|
    +--------+---------+-----------+------------+
    |ap_clk  |  5.00 ns|  10.103 ns|     0.62 ns|
    +--------+---------+-----------+------------+

+ Latency: 
    * Summary: 
    +---------+---------+----------+----------+-----+-----+------------------------------------------+
    |  Latency (cycles) |  Latency (absolute) |  Interval |                 Pipeline                 |
    |   min   |   max   |    min   |    max   | min | max |                   Type                   |
    +---------+---------+----------+----------+-----+-----+------------------------------------------+
    |      133|      134|  1.344 us|  1.354 us|  128|  128|  loop rewind stp(delay=0 clock cycles(s))|
    +---------+---------+----------+----------+-----+-----+------------------------------------------+

    + Detail: 
        * Instance: 
        N/A

        * Loop: 
        +-------------+---------+---------+----------+-----------+-----------+------+----------+
        |             |  Latency (cycles) | Iteration|  Initiation Interval  | Trip |          |
        |  Loop Name  |   min   |   max   |  Latency |  achieved |   target  | Count| Pipelined|
        +-------------+---------+---------+----------+-----------+-----------+------+----------+
        |- ReuseLoop  |      133|      133|         7|          1|          1|   128|       yes|
        +-------------+---------+---------+----------+-----------+-----------+------+----------+



================================================================
== Utilization Estimates
================================================================
* Summary: 
+-----------------+---------+-----+--------+-------+-----+
|       Name      | BRAM_18K| DSP |   FF   |  LUT  | URAM|
+-----------------+---------+-----+--------+-------+-----+
|DSP              |        -|    -|       -|      -|    -|
|Expression       |        -|    -|       0|   3567|    -|
|FIFO             |        -|    -|       -|      -|    -|
|Instance         |        -|   32|    1686|    410|    -|
|Memory           |        7|    -|       3|      6|    -|
|Multiplexer      |        -|    -|       -|   2341|    -|
|Register         |        -|    -|    6879|     64|    -|
+-----------------+---------+-----+--------+-------+-----+
|Total            |        7|   32|    8568|   6388|    0|
+-----------------+---------+-----+--------+-------+-----+
|Available        |      280|  220|  106400|  53200|    0|
+-----------------+---------+-----+--------+-------+-----+
|Utilization (%)  |        2|   14|       8|     12|    0|
+-----------------+---------+-----+--------+-------+-----+

+ Detail: 
    * Instance: 
    +-------------------------+---------------------+---------+----+-----+----+-----+
    |         Instance        |        Module       | BRAM_18K| DSP|  FF | LUT| URAM|
    +-------------------------+---------------------+---------+----+-----+----+-----+
    |mul_31ns_28s_58_5_1_U33  |mul_31ns_28s_58_5_1  |        0|   4|  181|   2|    0|
    |mul_32s_31ns_58_5_1_U34  |mul_32s_31ns_58_5_1  |        0|   4|  215|   1|    0|
    |mul_32s_31ns_58_5_1_U35  |mul_32s_31ns_58_5_1  |        0|   4|  215|   1|    0|
    |mul_32s_31ns_58_5_1_U36  |mul_32s_31ns_58_5_1  |        0|   4|  215|   1|    0|
    |mul_32s_31ns_58_5_1_U37  |mul_32s_31ns_58_5_1  |        0|   4|  215|   1|    0|
    |mul_32s_31ns_58_5_1_U38  |mul_32s_31ns_58_5_1  |        0|   4|  215|   1|    0|
    |mul_32s_31ns_58_5_1_U39  |mul_32s_31ns_58_5_1  |        0|   4|  215|   1|    0|
    |mul_32s_31ns_58_5_1_U40  |mul_32s_31ns_58_5_1  |        0|   4|  215|   1|    0|
    |mux_16_4_31_1_1_U41      |mux_16_4_31_1_1      |        0|   0|    0|  65|    0|
    |mux_8_3_32_1_1_U42       |mux_8_3_32_1_1       |        0|   0|    0|  42|    0|
    |mux_8_3_32_1_1_U43       |mux_8_3_32_1_1       |        0|   0|    0|  42|    0|
    |mux_8_3_32_1_1_U44       |mux_8_3_32_1_1       |        0|   0|    0|  42|    0|
    |mux_8_3_32_1_1_U45       |mux_8_3_32_1_1       |        0|   0|    0|  42|    0|
    |mux_8_3_32_1_1_U46       |mux_8_3_32_1_1       |        0|   0|    0|  42|    0|
    |mux_8_3_32_1_1_U47       |mux_8_3_32_1_1       |        0|   0|    0|  42|    0|
    |mux_8_3_32_1_1_U48       |mux_8_3_32_1_1       |        0|   0|    0|  42|    0|
    |mux_8_3_32_1_1_U49       |mux_8_3_32_1_1       |        0|   0|    0|  42|    0|
    +-------------------------+---------------------+---------+----+-----+----+-----+
    |Total                    |                     |        0|  32| 1686| 410|    0|
    +-------------------------+---------------------+---------+----+-----+----+-----+

    * DSP: 
    N/A

    * Memory: 
    +----------+----------------------------------------------------------------------------------+---------+---+----+-----+------+-----+------+-------------+
    |  Memory  |                                      Module                                      | BRAM_18K| FF| LUT| URAM| Words| Bits| Banks| W*Bits*Banks|
    +----------+----------------------------------------------------------------------------------+---------+---+----+-----+------+-----+------+-------------+
    |outidx_U  |dense_resource_ap_fixed_32_6_5_3_0_ap_fixed_32_6_5_3_0_config4_s_outidx_ROM_AdEe  |        0|  3|   6|    0|   128|    3|     1|          384|
    |w4_85_U   |dense_resource_ap_fixed_32_6_5_3_0_ap_fixed_32_6_5_3_0_config4_s_w4_85_ROM_AUeOg  |        7|  0|   0|    0|   128|  252|     1|        32256|
    +----------+----------------------------------------------------------------------------------+---------+---+----+-----+------+-----+------+-------------+
    |Total     |                                                                                  |        7|  3|   6|    0|   256|  255|     2|        32640|
    +----------+----------------------------------------------------------------------------------+---------+---+----+-----+------+-----+------+-------------+

    * FIFO: 
    N/A

    * Expression: 
    +----------------------------------+----------+----+---+----+------------+------------+
    |           Variable Name          | Operation| DSP| FF| LUT| Bitwidth P0| Bitwidth P1|
    +----------------------------------+----------+----+---+----+------------+------------+
    |acc_65_fu_2082_p2                 |         +|   0|  0|  39|          32|          32|
    |acc_66_fu_2195_p2                 |         +|   0|  0|  39|          32|          32|
    |acc_68_fu_2308_p2                 |         +|   0|  0|  39|          32|          32|
    |acc_70_fu_2421_p2                 |         +|   0|  0|  39|          32|          32|
    |acc_72_fu_2534_p2                 |         +|   0|  0|  39|          32|          32|
    |acc_74_fu_2647_p2                 |         +|   0|  0|  39|          32|          32|
    |acc_76_fu_2760_p2                 |         +|   0|  0|  39|          32|          32|
    |acc_78_fu_2873_p2                 |         +|   0|  0|  39|          32|          32|
    |in_index_1_fu_1966_p2             |         +|   0|  0|  39|          32|           1|
    |w_index_fu_1786_p2                |         +|   0|  0|  14|           7|           1|
    |sub_ln138_1_fu_2183_p2            |         -|   0|  0|  40|           1|          33|
    |sub_ln138_2_fu_2296_p2            |         -|   0|  0|  40|           1|          33|
    |sub_ln138_3_fu_2409_p2            |         -|   0|  0|  40|           1|          33|
    |sub_ln138_4_fu_2522_p2            |         -|   0|  0|  40|           1|          33|
    |sub_ln138_5_fu_2635_p2            |         -|   0|  0|  40|           1|          33|
    |sub_ln138_6_fu_2748_p2            |         -|   0|  0|  40|           1|          33|
    |sub_ln138_7_fu_2861_p2            |         -|   0|  0|  40|           1|          33|
    |sub_ln138_fu_2035_p2              |         -|   0|  0|  40|           1|          33|
    |ap_condition_frp_pvb_no_bkwd_prs  |       and|   0|  0|   2|           1|           1|
    |ap_condition_frp_pvb_pf_start     |       and|   0|  0|   2|           1|           1|
    |pf_all_done                       |       and|   0|  0|   2|           1|           1|
    |pf_sync_continue                  |       and|   0|  0|   2|           1|           1|
    |icmp_ln129_fu_1792_p2             |      icmp|   0|  0|  14|           7|           2|
    |icmp_ln138_10_fu_2415_p2          |      icmp|   0|  0|  40|          33|          33|
    |icmp_ln138_11_fu_2528_p2          |      icmp|   0|  0|  40|          33|          33|
    |icmp_ln138_12_fu_2641_p2          |      icmp|   0|  0|  40|          33|          33|
    |icmp_ln138_13_fu_2754_p2          |      icmp|   0|  0|  40|          33|          33|
    |icmp_ln138_14_fu_2867_p2          |      icmp|   0|  0|  40|          33|          33|
    |icmp_ln138_1_fu_2046_p2           |      icmp|   0|  0|  11|           3|           3|
    |icmp_ln138_2_fu_2051_p2           |      icmp|   0|  0|  11|           3|           3|
    |icmp_ln138_3_fu_2056_p2           |      icmp|   0|  0|  13|           3|           4|
    |icmp_ln138_4_fu_2061_p2           |      icmp|   0|  0|  11|           3|           2|
    |icmp_ln138_5_fu_2066_p2           |      icmp|   0|  0|  11|           3|           2|
    |icmp_ln138_6_fu_2071_p2           |      icmp|   0|  0|  11|           3|           1|
    |icmp_ln138_7_fu_2076_p2           |      icmp|   0|  0|  40|          33|          33|
    |icmp_ln138_8_fu_2189_p2           |      icmp|   0|  0|  40|          33|          33|
    |icmp_ln138_9_fu_2302_p2           |      icmp|   0|  0|  40|          33|          33|
    |icmp_ln138_fu_2041_p2             |      icmp|   0|  0|  11|           3|           2|
    |icmp_ln148_fu_1982_p2             |      icmp|   0|  0|  35|          28|           1|
    |or_ln138_10_fu_2990_p2            |        or|   0|  0|   2|           1|           1|
    |or_ln138_11_fu_2994_p2            |        or|   0|  0|   2|           1|           1|
    |or_ln138_12_fu_3000_p2            |        or|   0|  0|   2|           1|           1|
    |or_ln138_13_fu_3013_p2            |        or|   0|  0|   2|           1|           1|
    |or_ln138_14_fu_3017_p2            |        or|   0|  0|   2|           1|           1|
    |or_ln138_15_fu_3023_p2            |        or|   0|  0|   2|           1|           1|
    |or_ln138_16_fu_3044_p2            |        or|   0|  0|   2|           1|           1|
    |or_ln138_17_fu_3048_p2            |        or|   0|  0|   2|           1|           1|
    |or_ln138_18_fu_3054_p2            |        or|   0|  0|   2|           1|           1|
    |or_ln138_19_fu_3075_p2            |        or|   0|  0|   2|           1|           1|
    |or_ln138_1_fu_2939_p2             |        or|   0|  0|   2|           1|           1|
    |or_ln138_20_fu_3079_p2            |        or|   0|  0|   2|           1|           1|
    |or_ln138_21_fu_3085_p2            |        or|   0|  0|   2|           1|           1|
    |or_ln138_22_fu_3106_p2            |        or|   0|  0|   2|           1|           1|
    |or_ln138_23_fu_3110_p2            |        or|   0|  0|   2|           1|           1|
    |or_ln138_24_fu_3114_p2            |        or|   0|  0|   2|           1|           1|
    |or_ln138_25_fu_3120_p2            |        or|   0|  0|   2|           1|           1|
    |or_ln138_26_fu_3124_p2            |        or|   0|  0|   2|           1|           1|
    |or_ln138_27_fu_3128_p2            |        or|   0|  0|   2|           1|           1|
    |or_ln138_28_fu_3134_p2            |        or|   0|  0|   2|           1|           1|
    |or_ln138_29_fu_3148_p2            |        or|   0|  0|   2|           1|           1|
    |or_ln138_2_fu_2943_p2             |        or|   0|  0|   2|           1|           1|
    |or_ln138_30_fu_3152_p2            |        or|   0|  0|   2|           1|           1|
    |or_ln138_31_fu_3157_p2            |        or|   0|  0|   2|           1|           1|
    |or_ln138_32_fu_3161_p2            |        or|   0|  0|   2|           1|           1|
    |or_ln138_33_fu_3165_p2            |        or|   0|  0|   2|           1|           1|
    |or_ln138_34_fu_3171_p2            |        or|   0|  0|   2|           1|           1|
    |or_ln138_35_fu_3184_p2            |        or|   0|  0|   2|           1|           1|
    |or_ln138_36_fu_3188_p2            |        or|   0|  0|   2|           1|           1|
    |or_ln138_37_fu_3194_p2            |        or|   0|  0|   2|           1|           1|
    |or_ln138_38_fu_3215_p2            |        or|   0|  0|   2|           1|           1|
    |or_ln138_39_fu_3219_p2            |        or|   0|  0|   2|           1|           1|
    |or_ln138_3_fu_2949_p2             |        or|   0|  0|   2|           1|           1|
    |or_ln138_40_fu_3225_p2            |        or|   0|  0|   2|           1|           1|
    |or_ln138_41_fu_3246_p2            |        or|   0|  0|   2|           1|           1|
    |or_ln138_42_fu_3250_p2            |        or|   0|  0|   2|           1|           1|
    |or_ln138_43_fu_3256_p2            |        or|   0|  0|   2|           1|           1|
    |or_ln138_4_fu_2953_p2             |        or|   0|  0|   2|           1|           1|
    |or_ln138_5_fu_2957_p2             |        or|   0|  0|   2|           1|           1|
    |or_ln138_6_fu_2963_p2             |        or|   0|  0|   2|           1|           1|
    |or_ln138_7_fu_2977_p2             |        or|   0|  0|   2|           1|           1|
    |or_ln138_8_fu_2981_p2             |        or|   0|  0|   2|           1|           1|
    |or_ln138_9_fu_2986_p2             |        or|   0|  0|   2|           1|           1|
    |or_ln138_fu_2935_p2               |        or|   0|  0|   2|           1|           1|
    |acc_100_fu_2361_p3                |    select|   0|  0|  32|           1|          32|
    |acc_101_fu_2353_p3                |    select|   0|  0|  32|           1|          32|
    |acc_102_fu_2345_p3                |    select|   0|  0|  32|           1|          32|
    |acc_103_fu_3099_p3                |    select|   0|  0|  32|           1|          32|
    |acc_104_fu_2506_p3                |    select|   0|  0|  32|           1|          32|
    |acc_105_fu_2498_p3                |    select|   0|  0|  32|           1|          32|
    |acc_106_fu_2490_p3                |    select|   0|  0|  32|           1|          32|
    |acc_107_fu_2482_p3                |    select|   0|  0|  32|           1|          32|
    |acc_108_fu_2474_p3                |    select|   0|  0|  32|           1|          32|
    |acc_109_fu_2466_p3                |    select|   0|  0|  32|           1|          32|
    |acc_110_fu_2458_p3                |    select|   0|  0|  32|           1|          32|
    |acc_111_fu_3177_p3                |    select|   0|  0|  32|           1|          32|
    |acc_112_fu_2619_p3                |    select|   0|  0|  32|           1|          32|
    |acc_113_fu_2611_p3                |    select|   0|  0|  32|           1|          32|
    |acc_114_fu_2603_p3                |    select|   0|  0|  32|           1|          32|
    |acc_115_fu_2595_p3                |    select|   0|  0|  32|           1|          32|
    |acc_116_fu_2587_p3                |    select|   0|  0|  32|           1|          32|
    |acc_117_fu_2579_p3                |    select|   0|  0|  32|           1|          32|
    |acc_118_fu_2571_p3                |    select|   0|  0|  32|           1|          32|
    |acc_119_fu_3208_p3                |    select|   0|  0|  32|           1|          32|
    |acc_120_fu_2732_p3                |    select|   0|  0|  32|           1|          32|
    |acc_121_fu_2724_p3                |    select|   0|  0|  32|           1|          32|
    |acc_122_fu_2716_p3                |    select|   0|  0|  32|           1|          32|
    |acc_123_fu_2708_p3                |    select|   0|  0|  32|           1|          32|
    |acc_124_fu_2700_p3                |    select|   0|  0|  32|           1|          32|
    |acc_125_fu_2692_p3                |    select|   0|  0|  32|           1|          32|
    |acc_126_fu_2684_p3                |    select|   0|  0|  32|           1|          32|
    |acc_127_fu_3239_p3                |    select|   0|  0|  32|           1|          32|
    |acc_128_fu_2845_p3                |    select|   0|  0|  32|           1|          32|
    |acc_129_fu_2837_p3                |    select|   0|  0|  32|           1|          32|
    |acc_130_fu_2829_p3                |    select|   0|  0|  32|           1|          32|
    |acc_131_fu_2821_p3                |    select|   0|  0|  32|           1|          32|
    |acc_132_fu_2813_p3                |    select|   0|  0|  32|           1|          32|
    |acc_133_fu_2805_p3                |    select|   0|  0|  32|           1|          32|
    |acc_134_fu_2797_p3                |    select|   0|  0|  32|           1|          32|
    |acc_135_fu_3270_p3                |    select|   0|  0|  32|           1|          32|
    |acc_136_fu_2927_p3                |    select|   0|  0|  32|           1|          32|
    |acc_137_fu_2919_p3                |    select|   0|  0|  32|           1|          32|
    |acc_138_fu_2911_p3                |    select|   0|  0|  32|           1|          32|
    |acc_139_fu_2903_p3                |    select|   0|  0|  32|           1|          32|
    |acc_140_fu_2895_p3                |    select|   0|  0|  32|           1|          32|
    |acc_141_fu_2887_p3                |    select|   0|  0|  32|           1|          32|
    |acc_142_fu_2879_p3                |    select|   0|  0|  32|           1|          32|
    |acc_64_fu_2969_p3                 |    select|   0|  0|  32|           1|          32|
    |acc_67_fu_3060_p3                 |    select|   0|  0|  32|           1|          32|
    |acc_69_fu_3091_p3                 |    select|   0|  0|  32|           1|          32|
    |acc_71_fu_3140_p3                 |    select|   0|  0|  32|           1|          32|
    |acc_73_fu_3200_p3                 |    select|   0|  0|  32|           1|          32|
    |acc_75_fu_3231_p3                 |    select|   0|  0|  32|           1|          32|
    |acc_77_fu_3262_p3                 |    select|   0|  0|  32|           1|          32|
    |acc_79_fu_3006_p3                 |    select|   0|  0|  32|           1|          32|
    |acc_80_fu_2167_p3                 |    select|   0|  0|  32|           1|          32|
    |acc_81_fu_2159_p3                 |    select|   0|  0|  32|           1|          32|
    |acc_82_fu_2151_p3                 |    select|   0|  0|  32|           1|          32|
    |acc_83_fu_2143_p3                 |    select|   0|  0|  32|           1|          32|
    |acc_84_fu_2135_p3                 |    select|   0|  0|  32|           1|          32|
    |acc_85_fu_2127_p3                 |    select|   0|  0|  32|           1|          32|
    |acc_86_fu_2119_p3                 |    select|   0|  0|  32|           1|          32|
    |acc_87_fu_3037_p3                 |    select|   0|  0|  32|           1|          32|
    |acc_88_fu_2280_p3                 |    select|   0|  0|  32|           1|          32|
    |acc_89_fu_2272_p3                 |    select|   0|  0|  32|           1|          32|
    |acc_90_fu_2264_p3                 |    select|   0|  0|  32|           1|          32|
    |acc_91_fu_2256_p3                 |    select|   0|  0|  32|           1|          32|
    |acc_92_fu_2248_p3                 |    select|   0|  0|  32|           1|          32|
    |acc_93_fu_2240_p3                 |    select|   0|  0|  32|           1|          32|
    |acc_94_fu_2232_p3                 |    select|   0|  0|  32|           1|          32|
    |acc_95_fu_3068_p3                 |    select|   0|  0|  32|           1|          32|
    |acc_96_fu_2393_p3                 |    select|   0|  0|  32|           1|          32|
    |acc_97_fu_2385_p3                 |    select|   0|  0|  32|           1|          32|
    |acc_98_fu_2377_p3                 |    select|   0|  0|  32|           1|          32|
    |acc_99_fu_2369_p3                 |    select|   0|  0|  32|           1|          32|
    |acc_fu_3029_p3                    |    select|   0|  0|  32|           1|          32|
    |in_index_fu_1988_p3               |    select|   0|  0|  32|           1|           1|
    |ap_enable_pp0                     |       xor|   0|  0|   2|           1|           2|
    +----------------------------------+----------+----+---+----+------------+------------+
    |Total                             |          |   0|  0|3567|         745|        3161|
    +----------------------------------+----------+----+---+----+------------+------------+

    * Multiplexer: 
    +--------------------------------------+----+-----------+-----+-----------+
    |                 Name                 | LUT| Input Size| Bits| Total Bits|
    +--------------------------------------+----+-----------+-----+-----------+
    |acc136_reg_844                        |   9|          2|   32|         64|
    |acc_10116_reg_986                     |   9|          2|   32|         64|
    |acc_11114_reg_1000                    |   9|          2|   32|         64|
    |acc_1134_reg_859                      |   9|          2|   32|         64|
    |acc_12112_reg_1014                    |   9|          2|   32|         64|
    |acc_13110_reg_1028                    |   9|          2|   32|         64|
    |acc_14108_reg_1042                    |   9|          2|   32|         64|
    |acc_15106_reg_1056                    |   9|          2|   32|         64|
    |acc_16104_reg_1070                    |   9|          2|   32|         64|
    |acc_17102_reg_1085                    |   9|          2|   32|         64|
    |acc_18100_reg_1099                    |   9|          2|   32|         64|
    |acc_1998_reg_1113                     |   9|          2|   32|         64|
    |acc_2096_reg_1127                     |   9|          2|   32|         64|
    |acc_2132_reg_873                      |   9|          2|   32|         64|
    |acc_2194_reg_1141                     |   9|          2|   32|         64|
    |acc_2292_reg_1155                     |   9|          2|   32|         64|
    |acc_2390_reg_1169                     |   9|          2|   32|         64|
    |acc_2488_reg_1183                     |   9|          2|   32|         64|
    |acc_2586_reg_1198                     |   9|          2|   32|         64|
    |acc_2684_reg_1212                     |   9|          2|   32|         64|
    |acc_2782_reg_1226                     |   9|          2|   32|         64|
    |acc_2880_reg_1240                     |   9|          2|   32|         64|
    |acc_2978_reg_1254                     |   9|          2|   32|         64|
    |acc_3076_reg_1268                     |   9|          2|   32|         64|
    |acc_3130_reg_887                      |   9|          2|   32|         64|
    |acc_3174_reg_1282                     |   9|          2|   32|         64|
    |acc_3272_reg_1296                     |   9|          2|   32|         64|
    |acc_3370_reg_1311                     |   9|          2|   32|         64|
    |acc_3468_reg_1325                     |   9|          2|   32|         64|
    |acc_3566_reg_1339                     |   9|          2|   32|         64|
    |acc_3664_reg_1353                     |   9|          2|   32|         64|
    |acc_3762_reg_1367                     |   9|          2|   32|         64|
    |acc_3860_reg_1381                     |   9|          2|   32|         64|
    |acc_3958_reg_1395                     |   9|          2|   32|         64|
    |acc_4056_reg_1409                     |   9|          2|   32|         64|
    |acc_4128_reg_901                      |   9|          2|   32|         64|
    |acc_4154_reg_1424                     |   9|          2|   32|         64|
    |acc_4252_reg_1438                     |   9|          2|   32|         64|
    |acc_4350_reg_1452                     |   9|          2|   32|         64|
    |acc_4448_reg_1466                     |   9|          2|   32|         64|
    |acc_4546_reg_1480                     |   9|          2|   32|         64|
    |acc_4644_reg_1494                     |   9|          2|   32|         64|
    |acc_4742_reg_1508                     |   9|          2|   32|         64|
    |acc_4840_reg_1522                     |   9|          2|   32|         64|
    |acc_4938_reg_1537                     |   9|          2|   32|         64|
    |acc_5036_reg_1551                     |   9|          2|   32|         64|
    |acc_5126_reg_915                      |   9|          2|   32|         64|
    |acc_5134_reg_1565                     |   9|          2|   32|         64|
    |acc_5232_reg_1579                     |   9|          2|   32|         64|
    |acc_5330_reg_1593                     |   9|          2|   32|         64|
    |acc_5428_reg_1607                     |   9|          2|   32|         64|
    |acc_5526_reg_1621                     |   9|          2|   32|         64|
    |acc_5624_reg_1635                     |   9|          2|   32|         64|
    |acc_5722_reg_1650                     |   9|          2|   32|         64|
    |acc_5820_reg_1664                     |   9|          2|   32|         64|
    |acc_5918_reg_1678                     |   9|          2|   32|         64|
    |acc_6016_reg_1692                     |   9|          2|   32|         64|
    |acc_6114_reg_1706                     |   9|          2|   32|         64|
    |acc_6124_reg_929                      |   9|          2|   32|         64|
    |acc_6212_reg_1720                     |   9|          2|   32|         64|
    |acc_6310_reg_1734                     |   9|          2|   32|         64|
    |acc_7122_reg_943                      |   9|          2|   32|         64|
    |acc_8120_reg_957                      |   9|          2|   32|         64|
    |acc_9118_reg_972                      |   9|          2|   32|         64|
    |ap_loop_exit_ready_pp0_iter6_reg      |   9|          2|    1|          2|
    |ap_phi_mux_acc136_phi_fu_848_p6       |  14|          3|   32|         96|
    |ap_phi_mux_acc_10116_phi_fu_990_p6    |  14|          3|   32|         96|
    |ap_phi_mux_acc_11114_phi_fu_1004_p6   |  14|          3|   32|         96|
    |ap_phi_mux_acc_1134_phi_fu_863_p6     |  14|          3|   32|         96|
    |ap_phi_mux_acc_12112_phi_fu_1018_p6   |  14|          3|   32|         96|
    |ap_phi_mux_acc_13110_phi_fu_1032_p6   |  14|          3|   32|         96|
    |ap_phi_mux_acc_14108_phi_fu_1046_p6   |  14|          3|   32|         96|
    |ap_phi_mux_acc_15106_phi_fu_1060_p6   |  14|          3|   32|         96|
    |ap_phi_mux_acc_16104_phi_fu_1074_p6   |  14|          3|   32|         96|
    |ap_phi_mux_acc_17102_phi_fu_1089_p6   |  14|          3|   32|         96|
    |ap_phi_mux_acc_18100_phi_fu_1103_p6   |  14|          3|   32|         96|
    |ap_phi_mux_acc_1998_phi_fu_1117_p6    |  14|          3|   32|         96|
    |ap_phi_mux_acc_2096_phi_fu_1131_p6    |  14|          3|   32|         96|
    |ap_phi_mux_acc_2132_phi_fu_877_p6     |  14|          3|   32|         96|
    |ap_phi_mux_acc_2194_phi_fu_1145_p6    |  14|          3|   32|         96|
    |ap_phi_mux_acc_2292_phi_fu_1159_p6    |  14|          3|   32|         96|
    |ap_phi_mux_acc_2390_phi_fu_1173_p6    |  14|          3|   32|         96|
    |ap_phi_mux_acc_2488_phi_fu_1187_p6    |  14|          3|   32|         96|
    |ap_phi_mux_acc_2586_phi_fu_1202_p6    |  14|          3|   32|         96|
    |ap_phi_mux_acc_2684_phi_fu_1216_p6    |  14|          3|   32|         96|
    |ap_phi_mux_acc_2782_phi_fu_1230_p6    |  14|          3|   32|         96|
    |ap_phi_mux_acc_2880_phi_fu_1244_p6    |  14|          3|   32|         96|
    |ap_phi_mux_acc_2978_phi_fu_1258_p6    |  14|          3|   32|         96|
    |ap_phi_mux_acc_3076_phi_fu_1272_p6    |  14|          3|   32|         96|
    |ap_phi_mux_acc_3130_phi_fu_891_p6     |  14|          3|   32|         96|
    |ap_phi_mux_acc_3174_phi_fu_1286_p6    |  14|          3|   32|         96|
    |ap_phi_mux_acc_3272_phi_fu_1300_p6    |  14|          3|   32|         96|
    |ap_phi_mux_acc_3370_phi_fu_1315_p6    |  14|          3|   32|         96|
    |ap_phi_mux_acc_3468_phi_fu_1329_p6    |  14|          3|   32|         96|
    |ap_phi_mux_acc_3566_phi_fu_1343_p6    |  14|          3|   32|         96|
    |ap_phi_mux_acc_3664_phi_fu_1357_p6    |  14|          3|   32|         96|
    |ap_phi_mux_acc_3762_phi_fu_1371_p6    |  14|          3|   32|         96|
    |ap_phi_mux_acc_3860_phi_fu_1385_p6    |  14|          3|   32|         96|
    |ap_phi_mux_acc_3958_phi_fu_1399_p6    |  14|          3|   32|         96|
    |ap_phi_mux_acc_4056_phi_fu_1413_p6    |  14|          3|   32|         96|
    |ap_phi_mux_acc_4128_phi_fu_905_p6     |  14|          3|   32|         96|
    |ap_phi_mux_acc_4154_phi_fu_1428_p6    |  14|          3|   32|         96|
    |ap_phi_mux_acc_4252_phi_fu_1442_p6    |  14|          3|   32|         96|
    |ap_phi_mux_acc_4350_phi_fu_1456_p6    |  14|          3|   32|         96|
    |ap_phi_mux_acc_4448_phi_fu_1470_p6    |  14|          3|   32|         96|
    |ap_phi_mux_acc_4546_phi_fu_1484_p6    |  14|          3|   32|         96|
    |ap_phi_mux_acc_4644_phi_fu_1498_p6    |  14|          3|   32|         96|
    |ap_phi_mux_acc_4742_phi_fu_1512_p6    |  14|          3|   32|         96|
    |ap_phi_mux_acc_4840_phi_fu_1526_p6    |  14|          3|   32|         96|
    |ap_phi_mux_acc_4938_phi_fu_1541_p6    |  14|          3|   32|         96|
    |ap_phi_mux_acc_5036_phi_fu_1555_p6    |  14|          3|   32|         96|
    |ap_phi_mux_acc_5126_phi_fu_919_p6     |  14|          3|   32|         96|
    |ap_phi_mux_acc_5134_phi_fu_1569_p6    |  14|          3|   32|         96|
    |ap_phi_mux_acc_5232_phi_fu_1583_p6    |  14|          3|   32|         96|
    |ap_phi_mux_acc_5330_phi_fu_1597_p6    |  14|          3|   32|         96|
    |ap_phi_mux_acc_5428_phi_fu_1611_p6    |  14|          3|   32|         96|
    |ap_phi_mux_acc_5526_phi_fu_1625_p6    |  14|          3|   32|         96|
    |ap_phi_mux_acc_5624_phi_fu_1639_p6    |  14|          3|   32|         96|
    |ap_phi_mux_acc_5722_phi_fu_1654_p6    |  14|          3|   32|         96|
    |ap_phi_mux_acc_5820_phi_fu_1668_p6    |  14|          3|   32|         96|
    |ap_phi_mux_acc_5918_phi_fu_1682_p6    |  14|          3|   32|         96|
    |ap_phi_mux_acc_6016_phi_fu_1696_p6    |  14|          3|   32|         96|
    |ap_phi_mux_acc_6114_phi_fu_1710_p6    |  14|          3|   32|         96|
    |ap_phi_mux_acc_6124_phi_fu_933_p6     |  14|          3|   32|         96|
    |ap_phi_mux_acc_6212_phi_fu_1724_p6    |  14|          3|   32|         96|
    |ap_phi_mux_acc_6310_phi_fu_1738_p6    |  14|          3|   32|         96|
    |ap_phi_mux_acc_7122_phi_fu_947_p6     |  14|          3|   32|         96|
    |ap_phi_mux_acc_8120_phi_fu_961_p6     |  14|          3|   32|         96|
    |ap_phi_mux_acc_9118_phi_fu_976_p6     |  14|          3|   32|         96|
    |ap_phi_mux_do_init_phi_fu_389_p6      |  14|          3|    1|          3|
    |ap_phi_mux_in_index138_phi_fu_834_p6  |  14|          3|   32|         96|
    |ap_phi_mux_w_index137_phi_fu_612_p6   |  14|          3|    7|         21|
    |in_index138_reg_830                   |   9|          2|   32|         64|
    |p_read10149_phi_reg_752               |  14|          3|   31|         93|
    |p_read11150_phi_reg_765               |  14|          3|   31|         93|
    |p_read1140_phi_reg_635                |  14|          3|   31|         93|
    |p_read12151_phi_reg_778               |  14|          3|   31|         93|
    |p_read13152_phi_reg_791               |  14|          3|   31|         93|
    |p_read139_phi_reg_622                 |  14|          3|   31|         93|
    |p_read14153_phi_reg_804               |  14|          3|   31|         93|
    |p_read15154_phi_reg_817               |  14|          3|   31|         93|
    |p_read2141_phi_reg_648                |  14|          3|   31|         93|
    |p_read3142_phi_reg_661                |  14|          3|   31|         93|
    |p_read4143_phi_reg_674                |  14|          3|   31|         93|
    |p_read5144_phi_reg_687                |  14|          3|   31|         93|
    |p_read6145_phi_reg_700                |  14|          3|   31|         93|
    |p_read7146_phi_reg_713                |  14|          3|   31|         93|
    |p_read8147_phi_reg_726                |  14|          3|   31|         93|
    |p_read9148_phi_reg_739                |  14|          3|   31|         93|
    |pf_ap_return_0_U_frpsig_data_in       |   9|          2|   32|         64|
    |pf_ap_return_10_U_frpsig_data_in      |   9|          2|   32|         64|
    |pf_ap_return_11_U_frpsig_data_in      |   9|          2|   32|         64|
    |pf_ap_return_12_U_frpsig_data_in      |   9|          2|   32|         64|
    |pf_ap_return_13_U_frpsig_data_in      |   9|          2|   32|         64|
    |pf_ap_return_14_U_frpsig_data_in      |   9|          2|   32|         64|
    |pf_ap_return_15_U_frpsig_data_in      |   9|          2|   32|         64|
    |pf_ap_return_16_U_frpsig_data_in      |   9|          2|   32|         64|
    |pf_ap_return_17_U_frpsig_data_in      |   9|          2|   32|         64|
    |pf_ap_return_18_U_frpsig_data_in      |   9|          2|   32|         64|
    |pf_ap_return_19_U_frpsig_data_in      |   9|          2|   32|         64|
    |pf_ap_return_1_U_frpsig_data_in       |   9|          2|   32|         64|
    |pf_ap_return_20_U_frpsig_data_in      |   9|          2|   32|         64|
    |pf_ap_return_21_U_frpsig_data_in      |   9|          2|   32|         64|
    |pf_ap_return_22_U_frpsig_data_in      |   9|          2|   32|         64|
    |pf_ap_return_23_U_frpsig_data_in      |   9|          2|   32|         64|
    |pf_ap_return_24_U_frpsig_data_in      |   9|          2|   32|         64|
    |pf_ap_return_25_U_frpsig_data_in      |   9|          2|   32|         64|
    |pf_ap_return_26_U_frpsig_data_in      |   9|          2|   32|         64|
    |pf_ap_return_27_U_frpsig_data_in      |   9|          2|   32|         64|
    |pf_ap_return_28_U_frpsig_data_in      |   9|          2|   32|         64|
    |pf_ap_return_29_U_frpsig_data_in      |   9|          2|   32|         64|
    |pf_ap_return_2_U_frpsig_data_in       |   9|          2|   32|         64|
    |pf_ap_return_30_U_frpsig_data_in      |   9|          2|   32|         64|
    |pf_ap_return_31_U_frpsig_data_in      |   9|          2|   32|         64|
    |pf_ap_return_32_U_frpsig_data_in      |   9|          2|   32|         64|
    |pf_ap_return_33_U_frpsig_data_in      |   9|          2|   32|         64|
    |pf_ap_return_34_U_frpsig_data_in      |   9|          2|   32|         64|
    |pf_ap_return_35_U_frpsig_data_in      |   9|          2|   32|         64|
    |pf_ap_return_36_U_frpsig_data_in      |   9|          2|   32|         64|
    |pf_ap_return_37_U_frpsig_data_in      |   9|          2|   32|         64|
    |pf_ap_return_38_U_frpsig_data_in      |   9|          2|   32|         64|
    |pf_ap_return_39_U_frpsig_data_in      |   9|          2|   32|         64|
    |pf_ap_return_3_U_frpsig_data_in       |   9|          2|   32|         64|
    |pf_ap_return_40_U_frpsig_data_in      |   9|          2|   32|         64|
    |pf_ap_return_41_U_frpsig_data_in      |   9|          2|   32|         64|
    |pf_ap_return_42_U_frpsig_data_in      |   9|          2|   32|         64|
    |pf_ap_return_43_U_frpsig_data_in      |   9|          2|   32|         64|
    |pf_ap_return_44_U_frpsig_data_in      |   9|          2|   32|         64|
    |pf_ap_return_45_U_frpsig_data_in      |   9|          2|   32|         64|
    |pf_ap_return_46_U_frpsig_data_in      |   9|          2|   32|         64|
    |pf_ap_return_47_U_frpsig_data_in      |   9|          2|   32|         64|
    |pf_ap_return_48_U_frpsig_data_in      |   9|          2|   32|         64|
    |pf_ap_return_49_U_frpsig_data_in      |   9|          2|   32|         64|
    |pf_ap_return_4_U_frpsig_data_in       |   9|          2|   32|         64|
    |pf_ap_return_50_U_frpsig_data_in      |   9|          2|   32|         64|
    |pf_ap_return_51_U_frpsig_data_in      |   9|          2|   32|         64|
    |pf_ap_return_52_U_frpsig_data_in      |   9|          2|   32|         64|
    |pf_ap_return_53_U_frpsig_data_in      |   9|          2|   32|         64|
    |pf_ap_return_54_U_frpsig_data_in      |   9|          2|   32|         64|
    |pf_ap_return_55_U_frpsig_data_in      |   9|          2|   32|         64|
    |pf_ap_return_56_U_frpsig_data_in      |   9|          2|   32|         64|
    |pf_ap_return_57_U_frpsig_data_in      |   9|          2|   32|         64|
    |pf_ap_return_58_U_frpsig_data_in      |   9|          2|   32|         64|
    |pf_ap_return_59_U_frpsig_data_in      |   9|          2|   32|         64|
    |pf_ap_return_5_U_frpsig_data_in       |   9|          2|   32|         64|
    |pf_ap_return_60_U_frpsig_data_in      |   9|          2|   32|         64|
    |pf_ap_return_61_U_frpsig_data_in      |   9|          2|   32|         64|
    |pf_ap_return_62_U_frpsig_data_in      |   9|          2|   32|         64|
    |pf_ap_return_63_U_frpsig_data_in      |   9|          2|   32|         64|
    |pf_ap_return_6_U_frpsig_data_in       |   9|          2|   32|         64|
    |pf_ap_return_7_U_frpsig_data_in       |   9|          2|   32|         64|
    |pf_ap_return_8_U_frpsig_data_in       |   9|          2|   32|         64|
    |pf_ap_return_9_U_frpsig_data_in       |   9|          2|   32|         64|
    |w_index137_reg_609                    |   9|          2|    7|         14|
    +--------------------------------------+----+-----------+-----+-----------+
    |Total                                 |2341|        511| 6720|      16024|
    +--------------------------------------+----+-----------+-----+-----------+

    * Register: 
    +----------------------------------+----+----+-----+-----------+
    |               Name               | FF | LUT| Bits| Const Bits|
    +----------------------------------+----+----+-----+-----------+
    |acc136_reg_844                    |  32|   0|   32|          0|
    |acc_100_reg_3892                  |  32|   0|   32|          0|
    |acc_10116_reg_986                 |  32|   0|   32|          0|
    |acc_101_reg_3886                  |  32|   0|   32|          0|
    |acc_102_reg_3880                  |  32|   0|   32|          0|
    |acc_104_reg_3968                  |  32|   0|   32|          0|
    |acc_105_reg_3962                  |  32|   0|   32|          0|
    |acc_106_reg_3956                  |  32|   0|   32|          0|
    |acc_107_reg_3950                  |  32|   0|   32|          0|
    |acc_108_reg_3944                  |  32|   0|   32|          0|
    |acc_109_reg_3938                  |  32|   0|   32|          0|
    |acc_110_reg_3932                  |  32|   0|   32|          0|
    |acc_11114_reg_1000                |  32|   0|   32|          0|
    |acc_112_reg_4020                  |  32|   0|   32|          0|
    |acc_1134_reg_859                  |  32|   0|   32|          0|
    |acc_113_reg_4014                  |  32|   0|   32|          0|
    |acc_114_reg_4008                  |  32|   0|   32|          0|
    |acc_115_reg_4002                  |  32|   0|   32|          0|
    |acc_116_reg_3996                  |  32|   0|   32|          0|
    |acc_117_reg_3990                  |  32|   0|   32|          0|
    |acc_118_reg_3984                  |  32|   0|   32|          0|
    |acc_120_reg_4072                  |  32|   0|   32|          0|
    |acc_12112_reg_1014                |  32|   0|   32|          0|
    |acc_121_reg_4066                  |  32|   0|   32|          0|
    |acc_122_reg_4060                  |  32|   0|   32|          0|
    |acc_123_reg_4054                  |  32|   0|   32|          0|
    |acc_124_reg_4048                  |  32|   0|   32|          0|
    |acc_125_reg_4042                  |  32|   0|   32|          0|
    |acc_126_reg_4036                  |  32|   0|   32|          0|
    |acc_128_reg_4124                  |  32|   0|   32|          0|
    |acc_129_reg_4118                  |  32|   0|   32|          0|
    |acc_130_reg_4112                  |  32|   0|   32|          0|
    |acc_13110_reg_1028                |  32|   0|   32|          0|
    |acc_131_reg_4106                  |  32|   0|   32|          0|
    |acc_132_reg_4100                  |  32|   0|   32|          0|
    |acc_133_reg_4094                  |  32|   0|   32|          0|
    |acc_134_reg_4088                  |  32|   0|   32|          0|
    |acc_136_reg_4176                  |  32|   0|   32|          0|
    |acc_137_reg_4170                  |  32|   0|   32|          0|
    |acc_138_reg_4164                  |  32|   0|   32|          0|
    |acc_139_reg_4158                  |  32|   0|   32|          0|
    |acc_140_reg_4152                  |  32|   0|   32|          0|
    |acc_14108_reg_1042                |  32|   0|   32|          0|
    |acc_141_reg_4146                  |  32|   0|   32|          0|
    |acc_142_reg_4140                  |  32|   0|   32|          0|
    |acc_15106_reg_1056                |  32|   0|   32|          0|
    |acc_16104_reg_1070                |  32|   0|   32|          0|
    |acc_17102_reg_1085                |  32|   0|   32|          0|
    |acc_18100_reg_1099                |  32|   0|   32|          0|
    |acc_1998_reg_1113                 |  32|   0|   32|          0|
    |acc_2096_reg_1127                 |  32|   0|   32|          0|
    |acc_2132_reg_873                  |  32|   0|   32|          0|
    |acc_2194_reg_1141                 |  32|   0|   32|          0|
    |acc_2292_reg_1155                 |  32|   0|   32|          0|
    |acc_2390_reg_1169                 |  32|   0|   32|          0|
    |acc_2488_reg_1183                 |  32|   0|   32|          0|
    |acc_2586_reg_1198                 |  32|   0|   32|          0|
    |acc_2684_reg_1212                 |  32|   0|   32|          0|
    |acc_2782_reg_1226                 |  32|   0|   32|          0|
    |acc_2880_reg_1240                 |  32|   0|   32|          0|
    |acc_2978_reg_1254                 |  32|   0|   32|          0|
    |acc_3076_reg_1268                 |  32|   0|   32|          0|
    |acc_3130_reg_887                  |  32|   0|   32|          0|
    |acc_3174_reg_1282                 |  32|   0|   32|          0|
    |acc_3272_reg_1296                 |  32|   0|   32|          0|
    |acc_3370_reg_1311                 |  32|   0|   32|          0|
    |acc_3468_reg_1325                 |  32|   0|   32|          0|
    |acc_3566_reg_1339                 |  32|   0|   32|          0|
    |acc_3664_reg_1353                 |  32|   0|   32|          0|
    |acc_3762_reg_1367                 |  32|   0|   32|          0|
    |acc_3860_reg_1381                 |  32|   0|   32|          0|
    |acc_3958_reg_1395                 |  32|   0|   32|          0|
    |acc_4056_reg_1409                 |  32|   0|   32|          0|
    |acc_4128_reg_901                  |  32|   0|   32|          0|
    |acc_4154_reg_1424                 |  32|   0|   32|          0|
    |acc_4252_reg_1438                 |  32|   0|   32|          0|
    |acc_4350_reg_1452                 |  32|   0|   32|          0|
    |acc_4448_reg_1466                 |  32|   0|   32|          0|
    |acc_4546_reg_1480                 |  32|   0|   32|          0|
    |acc_4644_reg_1494                 |  32|   0|   32|          0|
    |acc_4742_reg_1508                 |  32|   0|   32|          0|
    |acc_4840_reg_1522                 |  32|   0|   32|          0|
    |acc_4938_reg_1537                 |  32|   0|   32|          0|
    |acc_5036_reg_1551                 |  32|   0|   32|          0|
    |acc_5126_reg_915                  |  32|   0|   32|          0|
    |acc_5134_reg_1565                 |  32|   0|   32|          0|
    |acc_5232_reg_1579                 |  32|   0|   32|          0|
    |acc_5330_reg_1593                 |  32|   0|   32|          0|
    |acc_5428_reg_1607                 |  32|   0|   32|          0|
    |acc_5526_reg_1621                 |  32|   0|   32|          0|
    |acc_5624_reg_1635                 |  32|   0|   32|          0|
    |acc_5722_reg_1650                 |  32|   0|   32|          0|
    |acc_5820_reg_1664                 |  32|   0|   32|          0|
    |acc_5918_reg_1678                 |  32|   0|   32|          0|
    |acc_6016_reg_1692                 |  32|   0|   32|          0|
    |acc_6114_reg_1706                 |  32|   0|   32|          0|
    |acc_6124_reg_929                  |  32|   0|   32|          0|
    |acc_6212_reg_1720                 |  32|   0|   32|          0|
    |acc_6310_reg_1734                 |  32|   0|   32|          0|
    |acc_65_reg_3771                   |  32|   0|   32|          0|
    |acc_66_reg_3823                   |  32|   0|   32|          0|
    |acc_68_reg_3875                   |  32|   0|   32|          0|
    |acc_70_reg_3927                   |  32|   0|   32|          0|
    |acc_7122_reg_943                  |  32|   0|   32|          0|
    |acc_72_reg_3979                   |  32|   0|   32|          0|
    |acc_74_reg_4031                   |  32|   0|   32|          0|
    |acc_76_reg_4083                   |  32|   0|   32|          0|
    |acc_78_reg_4135                   |  32|   0|   32|          0|
    |acc_80_reg_3812                   |  32|   0|   32|          0|
    |acc_8120_reg_957                  |  32|   0|   32|          0|
    |acc_81_reg_3806                   |  32|   0|   32|          0|
    |acc_82_reg_3800                   |  32|   0|   32|          0|
    |acc_83_reg_3794                   |  32|   0|   32|          0|
    |acc_84_reg_3788                   |  32|   0|   32|          0|
    |acc_85_reg_3782                   |  32|   0|   32|          0|
    |acc_86_reg_3776                   |  32|   0|   32|          0|
    |acc_88_reg_3864                   |  32|   0|   32|          0|
    |acc_89_reg_3858                   |  32|   0|   32|          0|
    |acc_90_reg_3852                   |  32|   0|   32|          0|
    |acc_9118_reg_972                  |  32|   0|   32|          0|
    |acc_91_reg_3846                   |  32|   0|   32|          0|
    |acc_92_reg_3840                   |  32|   0|   32|          0|
    |acc_93_reg_3834                   |  32|   0|   32|          0|
    |acc_94_reg_3828                   |  32|   0|   32|          0|
    |acc_96_reg_3916                   |  32|   0|   32|          0|
    |acc_97_reg_3910                   |  32|   0|   32|          0|
    |acc_98_reg_3904                   |  32|   0|   32|          0|
    |acc_99_reg_3898                   |  32|   0|   32|          0|
    |ap_CS_fsm                         |   1|   0|    1|          0|
    |ap_done_reg                       |   1|   0|    1|          0|
    |ap_loop_exit_ready_pp0_iter1_reg  |   1|   0|    1|          0|
    |ap_loop_exit_ready_pp0_iter2_reg  |   1|   0|    1|          0|
    |ap_loop_exit_ready_pp0_iter3_reg  |   1|   0|    1|          0|
    |ap_loop_exit_ready_pp0_iter4_reg  |   1|   0|    1|          0|
    |ap_loop_exit_ready_pp0_iter5_reg  |   1|   0|    1|          0|
    |ap_loop_exit_ready_pp0_iter6_reg  |   1|   0|    1|          0|
    |ap_loop_init_pp0_iter1_reg        |   1|   0|    1|          0|
    |ap_loop_init_pp0_iter2_reg        |   1|   0|    1|          0|
    |ap_loop_init_pp0_iter3_reg        |   1|   0|    1|          0|
    |ap_loop_init_pp0_iter4_reg        |   1|   0|    1|          0|
    |ap_loop_init_pp0_iter5_reg        |   1|   0|    1|          0|
    |ap_return_0_preg                  |  32|   0|   32|          0|
    |ap_return_10_preg                 |  32|   0|   32|          0|
    |ap_return_11_preg                 |  32|   0|   32|          0|
    |ap_return_12_preg                 |  32|   0|   32|          0|
    |ap_return_13_preg                 |  32|   0|   32|          0|
    |ap_return_14_preg                 |  32|   0|   32|          0|
    |ap_return_15_preg                 |  32|   0|   32|          0|
    |ap_return_16_preg                 |  32|   0|   32|          0|
    |ap_return_17_preg                 |  32|   0|   32|          0|
    |ap_return_18_preg                 |  32|   0|   32|          0|
    |ap_return_19_preg                 |  32|   0|   32|          0|
    |ap_return_1_preg                  |  32|   0|   32|          0|
    |ap_return_20_preg                 |  32|   0|   32|          0|
    |ap_return_21_preg                 |  32|   0|   32|          0|
    |ap_return_22_preg                 |  32|   0|   32|          0|
    |ap_return_23_preg                 |  32|   0|   32|          0|
    |ap_return_24_preg                 |  32|   0|   32|          0|
    |ap_return_25_preg                 |  32|   0|   32|          0|
    |ap_return_26_preg                 |  32|   0|   32|          0|
    |ap_return_27_preg                 |  32|   0|   32|          0|
    |ap_return_28_preg                 |  32|   0|   32|          0|
    |ap_return_29_preg                 |  32|   0|   32|          0|
    |ap_return_2_preg                  |  32|   0|   32|          0|
    |ap_return_30_preg                 |  32|   0|   32|          0|
    |ap_return_31_preg                 |  32|   0|   32|          0|
    |ap_return_32_preg                 |  32|   0|   32|          0|
    |ap_return_33_preg                 |  32|   0|   32|          0|
    |ap_return_34_preg                 |  32|   0|   32|          0|
    |ap_return_35_preg                 |  32|   0|   32|          0|
    |ap_return_36_preg                 |  32|   0|   32|          0|
    |ap_return_37_preg                 |  32|   0|   32|          0|
    |ap_return_38_preg                 |  32|   0|   32|          0|
    |ap_return_39_preg                 |  32|   0|   32|          0|
    |ap_return_3_preg                  |  32|   0|   32|          0|
    |ap_return_40_preg                 |  32|   0|   32|          0|
    |ap_return_41_preg                 |  32|   0|   32|          0|
    |ap_return_42_preg                 |  32|   0|   32|          0|
    |ap_return_43_preg                 |  32|   0|   32|          0|
    |ap_return_44_preg                 |  32|   0|   32|          0|
    |ap_return_45_preg                 |  32|   0|   32|          0|
    |ap_return_46_preg                 |  32|   0|   32|          0|
    |ap_return_47_preg                 |  32|   0|   32|          0|
    |ap_return_48_preg                 |  32|   0|   32|          0|
    |ap_return_49_preg                 |  32|   0|   32|          0|
    |ap_return_4_preg                  |  32|   0|   32|          0|
    |ap_return_50_preg                 |  32|   0|   32|          0|
    |ap_return_51_preg                 |  32|   0|   32|          0|
    |ap_return_52_preg                 |  32|   0|   32|          0|
    |ap_return_53_preg                 |  32|   0|   32|          0|
    |ap_return_54_preg                 |  32|   0|   32|          0|
    |ap_return_55_preg                 |  32|   0|   32|          0|
    |ap_return_56_preg                 |  32|   0|   32|          0|
    |ap_return_57_preg                 |  32|   0|   32|          0|
    |ap_return_58_preg                 |  32|   0|   32|          0|
    |ap_return_59_preg                 |  32|   0|   32|          0|
    |ap_return_5_preg                  |  32|   0|   32|          0|
    |ap_return_60_preg                 |  32|   0|   32|          0|
    |ap_return_61_preg                 |  32|   0|   32|          0|
    |ap_return_62_preg                 |  32|   0|   32|          0|
    |ap_return_63_preg                 |  32|   0|   32|          0|
    |ap_return_6_preg                  |  32|   0|   32|          0|
    |ap_return_7_preg                  |  32|   0|   32|          0|
    |ap_return_8_preg                  |  32|   0|   32|          0|
    |ap_return_9_preg                  |  32|   0|   32|          0|
    |do_init_reg_386                   |   1|   0|    1|          0|
    |icmp_ln129_reg_3624               |   1|   0|    1|          0|
    |icmp_ln138_10_reg_3922            |   1|   0|    1|          0|
    |icmp_ln138_11_reg_3974            |   1|   0|    1|          0|
    |icmp_ln138_12_reg_4026            |   1|   0|    1|          0|
    |icmp_ln138_13_reg_4078            |   1|   0|    1|          0|
    |icmp_ln138_14_reg_4130            |   1|   0|    1|          0|
    |icmp_ln138_1_reg_3715             |   1|   0|    1|          0|
    |icmp_ln138_2_reg_3726             |   1|   0|    1|          0|
    |icmp_ln138_3_reg_3734             |   1|   0|    1|          0|
    |icmp_ln138_4_reg_3742             |   1|   0|    1|          0|
    |icmp_ln138_5_reg_3750             |   1|   0|    1|          0|
    |icmp_ln138_6_reg_3758             |   1|   0|    1|          0|
    |icmp_ln138_7_reg_3766             |   1|   0|    1|          0|
    |icmp_ln138_8_reg_3818             |   1|   0|    1|          0|
    |icmp_ln138_9_reg_3870             |   1|   0|    1|          0|
    |icmp_ln138_reg_3704               |   1|   0|    1|          0|
    |in_index138_reg_830               |  32|   0|   32|          0|
    |in_index_reg_3699                 |  32|   0|   32|          0|
    |out_index_reg_3628                |   3|   0|    3|          0|
    |p_read10149_phi_reg_752           |  31|   0|   31|          0|
    |p_read11150_phi_reg_765           |  31|   0|   31|          0|
    |p_read1140_phi_reg_635            |  31|   0|   31|          0|
    |p_read12151_phi_reg_778           |  31|   0|   31|          0|
    |p_read13152_phi_reg_791           |  31|   0|   31|          0|
    |p_read139_phi_reg_622             |  31|   0|   31|          0|
    |p_read14153_phi_reg_804           |  31|   0|   31|          0|
    |p_read15154_phi_reg_817           |  31|   0|   31|          0|
    |p_read2141_phi_reg_648            |  31|   0|   31|          0|
    |p_read3142_phi_reg_661            |  31|   0|   31|          0|
    |p_read4143_phi_reg_674            |  31|   0|   31|          0|
    |p_read5144_phi_reg_687            |  31|   0|   31|          0|
    |p_read6145_phi_reg_700            |  31|   0|   31|          0|
    |p_read7146_phi_reg_713            |  31|   0|   31|          0|
    |p_read8147_phi_reg_726            |  31|   0|   31|          0|
    |p_read9148_phi_reg_739            |  31|   0|   31|          0|
    |w_index137_reg_609                |   7|   0|    7|          0|
    |w_index_reg_3619                  |   7|   0|    7|          0|
    |icmp_ln129_reg_3624               |  64|  32|    1|          0|
    |out_index_reg_3628                |  64|  32|    3|          0|
    +----------------------------------+----+----+-----+-----------+
    |Total                             |6879|  64| 6755|          0|
    +----------------------------------+----+----+-----+-----------+



================================================================
== Interface
================================================================
* Summary: 
+--------------+-----+-----+------------+-----------------------------------------------------------------------------+--------------+
|   RTL Ports  | Dir | Bits|  Protocol  |                                Source Object                                |    C Type    |
+--------------+-----+-----+------------+-----------------------------------------------------------------------------+--------------+
|ap_clk        |   in|    1|  ap_ctrl_hs|  dense_resource<ap_fixed<32, 6, 5, 3, 0>, ap_fixed<32, 6, 5, 3, 0>, config4>|  return value|
|ap_rst        |   in|    1|  ap_ctrl_hs|  dense_resource<ap_fixed<32, 6, 5, 3, 0>, ap_fixed<32, 6, 5, 3, 0>, config4>|  return value|
|ap_start      |   in|    1|  ap_ctrl_hs|  dense_resource<ap_fixed<32, 6, 5, 3, 0>, ap_fixed<32, 6, 5, 3, 0>, config4>|  return value|
|ap_done       |  out|    1|  ap_ctrl_hs|  dense_resource<ap_fixed<32, 6, 5, 3, 0>, ap_fixed<32, 6, 5, 3, 0>, config4>|  return value|
|ap_continue   |   in|    1|  ap_ctrl_hs|  dense_resource<ap_fixed<32, 6, 5, 3, 0>, ap_fixed<32, 6, 5, 3, 0>, config4>|  return value|
|ap_idle       |  out|    1|  ap_ctrl_hs|  dense_resource<ap_fixed<32, 6, 5, 3, 0>, ap_fixed<32, 6, 5, 3, 0>, config4>|  return value|
|ap_ready      |  out|    1|  ap_ctrl_hs|  dense_resource<ap_fixed<32, 6, 5, 3, 0>, ap_fixed<32, 6, 5, 3, 0>, config4>|  return value|
|ap_return_0   |  out|   32|  ap_ctrl_hs|  dense_resource<ap_fixed<32, 6, 5, 3, 0>, ap_fixed<32, 6, 5, 3, 0>, config4>|  return value|
|ap_return_1   |  out|   32|  ap_ctrl_hs|  dense_resource<ap_fixed<32, 6, 5, 3, 0>, ap_fixed<32, 6, 5, 3, 0>, config4>|  return value|
|ap_return_2   |  out|   32|  ap_ctrl_hs|  dense_resource<ap_fixed<32, 6, 5, 3, 0>, ap_fixed<32, 6, 5, 3, 0>, config4>|  return value|
|ap_return_3   |  out|   32|  ap_ctrl_hs|  dense_resource<ap_fixed<32, 6, 5, 3, 0>, ap_fixed<32, 6, 5, 3, 0>, config4>|  return value|
|ap_return_4   |  out|   32|  ap_ctrl_hs|  dense_resource<ap_fixed<32, 6, 5, 3, 0>, ap_fixed<32, 6, 5, 3, 0>, config4>|  return value|
|ap_return_5   |  out|   32|  ap_ctrl_hs|  dense_resource<ap_fixed<32, 6, 5, 3, 0>, ap_fixed<32, 6, 5, 3, 0>, config4>|  return value|
|ap_return_6   |  out|   32|  ap_ctrl_hs|  dense_resource<ap_fixed<32, 6, 5, 3, 0>, ap_fixed<32, 6, 5, 3, 0>, config4>|  return value|
|ap_return_7   |  out|   32|  ap_ctrl_hs|  dense_resource<ap_fixed<32, 6, 5, 3, 0>, ap_fixed<32, 6, 5, 3, 0>, config4>|  return value|
|ap_return_8   |  out|   32|  ap_ctrl_hs|  dense_resource<ap_fixed<32, 6, 5, 3, 0>, ap_fixed<32, 6, 5, 3, 0>, config4>|  return value|
|ap_return_9   |  out|   32|  ap_ctrl_hs|  dense_resource<ap_fixed<32, 6, 5, 3, 0>, ap_fixed<32, 6, 5, 3, 0>, config4>|  return value|
|ap_return_10  |  out|   32|  ap_ctrl_hs|  dense_resource<ap_fixed<32, 6, 5, 3, 0>, ap_fixed<32, 6, 5, 3, 0>, config4>|  return value|
|ap_return_11  |  out|   32|  ap_ctrl_hs|  dense_resource<ap_fixed<32, 6, 5, 3, 0>, ap_fixed<32, 6, 5, 3, 0>, config4>|  return value|
|ap_return_12  |  out|   32|  ap_ctrl_hs|  dense_resource<ap_fixed<32, 6, 5, 3, 0>, ap_fixed<32, 6, 5, 3, 0>, config4>|  return value|
|ap_return_13  |  out|   32|  ap_ctrl_hs|  dense_resource<ap_fixed<32, 6, 5, 3, 0>, ap_fixed<32, 6, 5, 3, 0>, config4>|  return value|
|ap_return_14  |  out|   32|  ap_ctrl_hs|  dense_resource<ap_fixed<32, 6, 5, 3, 0>, ap_fixed<32, 6, 5, 3, 0>, config4>|  return value|
|ap_return_15  |  out|   32|  ap_ctrl_hs|  dense_resource<ap_fixed<32, 6, 5, 3, 0>, ap_fixed<32, 6, 5, 3, 0>, config4>|  return value|
|ap_return_16  |  out|   32|  ap_ctrl_hs|  dense_resource<ap_fixed<32, 6, 5, 3, 0>, ap_fixed<32, 6, 5, 3, 0>, config4>|  return value|
|ap_return_17  |  out|   32|  ap_ctrl_hs|  dense_resource<ap_fixed<32, 6, 5, 3, 0>, ap_fixed<32, 6, 5, 3, 0>, config4>|  return value|
|ap_return_18  |  out|   32|  ap_ctrl_hs|  dense_resource<ap_fixed<32, 6, 5, 3, 0>, ap_fixed<32, 6, 5, 3, 0>, config4>|  return value|
|ap_return_19  |  out|   32|  ap_ctrl_hs|  dense_resource<ap_fixed<32, 6, 5, 3, 0>, ap_fixed<32, 6, 5, 3, 0>, config4>|  return value|
|ap_return_20  |  out|   32|  ap_ctrl_hs|  dense_resource<ap_fixed<32, 6, 5, 3, 0>, ap_fixed<32, 6, 5, 3, 0>, config4>|  return value|
|ap_return_21  |  out|   32|  ap_ctrl_hs|  dense_resource<ap_fixed<32, 6, 5, 3, 0>, ap_fixed<32, 6, 5, 3, 0>, config4>|  return value|
|ap_return_22  |  out|   32|  ap_ctrl_hs|  dense_resource<ap_fixed<32, 6, 5, 3, 0>, ap_fixed<32, 6, 5, 3, 0>, config4>|  return value|
|ap_return_23  |  out|   32|  ap_ctrl_hs|  dense_resource<ap_fixed<32, 6, 5, 3, 0>, ap_fixed<32, 6, 5, 3, 0>, config4>|  return value|
|ap_return_24  |  out|   32|  ap_ctrl_hs|  dense_resource<ap_fixed<32, 6, 5, 3, 0>, ap_fixed<32, 6, 5, 3, 0>, config4>|  return value|
|ap_return_25  |  out|   32|  ap_ctrl_hs|  dense_resource<ap_fixed<32, 6, 5, 3, 0>, ap_fixed<32, 6, 5, 3, 0>, config4>|  return value|
|ap_return_26  |  out|   32|  ap_ctrl_hs|  dense_resource<ap_fixed<32, 6, 5, 3, 0>, ap_fixed<32, 6, 5, 3, 0>, config4>|  return value|
|ap_return_27  |  out|   32|  ap_ctrl_hs|  dense_resource<ap_fixed<32, 6, 5, 3, 0>, ap_fixed<32, 6, 5, 3, 0>, config4>|  return value|
|ap_return_28  |  out|   32|  ap_ctrl_hs|  dense_resource<ap_fixed<32, 6, 5, 3, 0>, ap_fixed<32, 6, 5, 3, 0>, config4>|  return value|
|ap_return_29  |  out|   32|  ap_ctrl_hs|  dense_resource<ap_fixed<32, 6, 5, 3, 0>, ap_fixed<32, 6, 5, 3, 0>, config4>|  return value|
|ap_return_30  |  out|   32|  ap_ctrl_hs|  dense_resource<ap_fixed<32, 6, 5, 3, 0>, ap_fixed<32, 6, 5, 3, 0>, config4>|  return value|
|ap_return_31  |  out|   32|  ap_ctrl_hs|  dense_resource<ap_fixed<32, 6, 5, 3, 0>, ap_fixed<32, 6, 5, 3, 0>, config4>|  return value|
|ap_return_32  |  out|   32|  ap_ctrl_hs|  dense_resource<ap_fixed<32, 6, 5, 3, 0>, ap_fixed<32, 6, 5, 3, 0>, config4>|  return value|
|ap_return_33  |  out|   32|  ap_ctrl_hs|  dense_resource<ap_fixed<32, 6, 5, 3, 0>, ap_fixed<32, 6, 5, 3, 0>, config4>|  return value|
|ap_return_34  |  out|   32|  ap_ctrl_hs|  dense_resource<ap_fixed<32, 6, 5, 3, 0>, ap_fixed<32, 6, 5, 3, 0>, config4>|  return value|
|ap_return_35  |  out|   32|  ap_ctrl_hs|  dense_resource<ap_fixed<32, 6, 5, 3, 0>, ap_fixed<32, 6, 5, 3, 0>, config4>|  return value|
|ap_return_36  |  out|   32|  ap_ctrl_hs|  dense_resource<ap_fixed<32, 6, 5, 3, 0>, ap_fixed<32, 6, 5, 3, 0>, config4>|  return value|
|ap_return_37  |  out|   32|  ap_ctrl_hs|  dense_resource<ap_fixed<32, 6, 5, 3, 0>, ap_fixed<32, 6, 5, 3, 0>, config4>|  return value|
|ap_return_38  |  out|   32|  ap_ctrl_hs|  dense_resource<ap_fixed<32, 6, 5, 3, 0>, ap_fixed<32, 6, 5, 3, 0>, config4>|  return value|
|ap_return_39  |  out|   32|  ap_ctrl_hs|  dense_resource<ap_fixed<32, 6, 5, 3, 0>, ap_fixed<32, 6, 5, 3, 0>, config4>|  return value|
|ap_return_40  |  out|   32|  ap_ctrl_hs|  dense_resource<ap_fixed<32, 6, 5, 3, 0>, ap_fixed<32, 6, 5, 3, 0>, config4>|  return value|
|ap_return_41  |  out|   32|  ap_ctrl_hs|  dense_resource<ap_fixed<32, 6, 5, 3, 0>, ap_fixed<32, 6, 5, 3, 0>, config4>|  return value|
|ap_return_42  |  out|   32|  ap_ctrl_hs|  dense_resource<ap_fixed<32, 6, 5, 3, 0>, ap_fixed<32, 6, 5, 3, 0>, config4>|  return value|
|ap_return_43  |  out|   32|  ap_ctrl_hs|  dense_resource<ap_fixed<32, 6, 5, 3, 0>, ap_fixed<32, 6, 5, 3, 0>, config4>|  return value|
|ap_return_44  |  out|   32|  ap_ctrl_hs|  dense_resource<ap_fixed<32, 6, 5, 3, 0>, ap_fixed<32, 6, 5, 3, 0>, config4>|  return value|
|ap_return_45  |  out|   32|  ap_ctrl_hs|  dense_resource<ap_fixed<32, 6, 5, 3, 0>, ap_fixed<32, 6, 5, 3, 0>, config4>|  return value|
|ap_return_46  |  out|   32|  ap_ctrl_hs|  dense_resource<ap_fixed<32, 6, 5, 3, 0>, ap_fixed<32, 6, 5, 3, 0>, config4>|  return value|
|ap_return_47  |  out|   32|  ap_ctrl_hs|  dense_resource<ap_fixed<32, 6, 5, 3, 0>, ap_fixed<32, 6, 5, 3, 0>, config4>|  return value|
|ap_return_48  |  out|   32|  ap_ctrl_hs|  dense_resource<ap_fixed<32, 6, 5, 3, 0>, ap_fixed<32, 6, 5, 3, 0>, config4>|  return value|
|ap_return_49  |  out|   32|  ap_ctrl_hs|  dense_resource<ap_fixed<32, 6, 5, 3, 0>, ap_fixed<32, 6, 5, 3, 0>, config4>|  return value|
|ap_return_50  |  out|   32|  ap_ctrl_hs|  dense_resource<ap_fixed<32, 6, 5, 3, 0>, ap_fixed<32, 6, 5, 3, 0>, config4>|  return value|
|ap_return_51  |  out|   32|  ap_ctrl_hs|  dense_resource<ap_fixed<32, 6, 5, 3, 0>, ap_fixed<32, 6, 5, 3, 0>, config4>|  return value|
|ap_return_52  |  out|   32|  ap_ctrl_hs|  dense_resource<ap_fixed<32, 6, 5, 3, 0>, ap_fixed<32, 6, 5, 3, 0>, config4>|  return value|
|ap_return_53  |  out|   32|  ap_ctrl_hs|  dense_resource<ap_fixed<32, 6, 5, 3, 0>, ap_fixed<32, 6, 5, 3, 0>, config4>|  return value|
|ap_return_54  |  out|   32|  ap_ctrl_hs|  dense_resource<ap_fixed<32, 6, 5, 3, 0>, ap_fixed<32, 6, 5, 3, 0>, config4>|  return value|
|ap_return_55  |  out|   32|  ap_ctrl_hs|  dense_resource<ap_fixed<32, 6, 5, 3, 0>, ap_fixed<32, 6, 5, 3, 0>, config4>|  return value|
|ap_return_56  |  out|   32|  ap_ctrl_hs|  dense_resource<ap_fixed<32, 6, 5, 3, 0>, ap_fixed<32, 6, 5, 3, 0>, config4>|  return value|
|ap_return_57  |  out|   32|  ap_ctrl_hs|  dense_resource<ap_fixed<32, 6, 5, 3, 0>, ap_fixed<32, 6, 5, 3, 0>, config4>|  return value|
|ap_return_58  |  out|   32|  ap_ctrl_hs|  dense_resource<ap_fixed<32, 6, 5, 3, 0>, ap_fixed<32, 6, 5, 3, 0>, config4>|  return value|
|ap_return_59  |  out|   32|  ap_ctrl_hs|  dense_resource<ap_fixed<32, 6, 5, 3, 0>, ap_fixed<32, 6, 5, 3, 0>, config4>|  return value|
|ap_return_60  |  out|   32|  ap_ctrl_hs|  dense_resource<ap_fixed<32, 6, 5, 3, 0>, ap_fixed<32, 6, 5, 3, 0>, config4>|  return value|
|ap_return_61  |  out|   32|  ap_ctrl_hs|  dense_resource<ap_fixed<32, 6, 5, 3, 0>, ap_fixed<32, 6, 5, 3, 0>, config4>|  return value|
|ap_return_62  |  out|   32|  ap_ctrl_hs|  dense_resource<ap_fixed<32, 6, 5, 3, 0>, ap_fixed<32, 6, 5, 3, 0>, config4>|  return value|
|ap_return_63  |  out|   32|  ap_ctrl_hs|  dense_resource<ap_fixed<32, 6, 5, 3, 0>, ap_fixed<32, 6, 5, 3, 0>, config4>|  return value|
|p_read        |   in|   31|     ap_none|                                                                       p_read|        scalar|
|p_read1       |   in|   31|     ap_none|                                                                      p_read1|        scalar|
|p_read2       |   in|   31|     ap_none|                                                                      p_read2|        scalar|
|p_read3       |   in|   31|     ap_none|                                                                      p_read3|        scalar|
|p_read4       |   in|   31|     ap_none|                                                                      p_read4|        scalar|
|p_read5       |   in|   31|     ap_none|                                                                      p_read5|        scalar|
|p_read6       |   in|   31|     ap_none|                                                                      p_read6|        scalar|
|p_read7       |   in|   31|     ap_none|                                                                      p_read7|        scalar|
|p_read8       |   in|   31|     ap_none|                                                                      p_read8|        scalar|
|p_read9       |   in|   31|     ap_none|                                                                      p_read9|        scalar|
|p_read10      |   in|   31|     ap_none|                                                                     p_read10|        scalar|
|p_read11      |   in|   31|     ap_none|                                                                     p_read11|        scalar|
|p_read12      |   in|   31|     ap_none|                                                                     p_read12|        scalar|
|p_read13      |   in|   31|     ap_none|                                                                     p_read13|        scalar|
|p_read14      |   in|   31|     ap_none|                                                                     p_read14|        scalar|
|p_read15      |   in|   31|     ap_none|                                                                     p_read15|        scalar|
+--------------+-----+-----+------------+-----------------------------------------------------------------------------+--------------+

